Component: ARM Compiler 5.06 update 7 (build 960) Tool: armlink [4d3601]

==============================================================================

Section Cross References

    startup_stm32h743xx.o(STACK) refers (Special) to heapauxi.o(.text) for __use_two_region_memory
    startup_stm32h743xx.o(HEAP) refers (Special) to heapauxi.o(.text) for __use_two_region_memory
    startup_stm32h743xx.o(RESET) refers (Special) to heapauxi.o(.text) for __use_two_region_memory
    startup_stm32h743xx.o(RESET) refers to startup_stm32h743xx.o(STACK) for __initial_sp
    startup_stm32h743xx.o(RESET) refers to startup_stm32h743xx.o(.text) for Reset_Handler
    startup_stm32h743xx.o(RESET) refers to stm32h7xx_it.o(i.NMI_Handler) for NMI_Handler
    startup_stm32h743xx.o(RESET) refers to stm32h7xx_it.o(i.HardFault_Handler) for HardFault_Handler
    startup_stm32h743xx.o(RESET) refers to stm32h7xx_it.o(i.MemManage_Handler) for MemManage_Handler
    startup_stm32h743xx.o(RESET) refers to stm32h7xx_it.o(i.BusFault_Handler) for BusFault_Handler
    startup_stm32h743xx.o(RESET) refers to stm32h7xx_it.o(i.UsageFault_Handler) for UsageFault_Handler
    startup_stm32h743xx.o(RESET) refers to stm32h7xx_it.o(i.SVC_Handler) for SVC_Handler
    startup_stm32h743xx.o(RESET) refers to stm32h7xx_it.o(i.DebugMon_Handler) for DebugMon_Handler
    startup_stm32h743xx.o(RESET) refers to stm32h7xx_it.o(i.PendSV_Handler) for PendSV_Handler
    startup_stm32h743xx.o(RESET) refers to stm32h7xx_it.o(i.SysTick_Handler) for SysTick_Handler
    startup_stm32h743xx.o(RESET) refers to stm32h7xx_it.o(i.EXTI9_5_IRQHandler) for EXTI9_5_IRQHandler
    startup_stm32h743xx.o(RESET) refers to stm32h7xx_it.o(i.USART3_IRQHandler) for USART3_IRQHandler
    startup_stm32h743xx.o(RESET) refers to stm32h7xx_it.o(i.EXTI15_10_IRQHandler) for EXTI15_10_IRQHandler
    startup_stm32h743xx.o(.text) refers (Special) to heapauxi.o(.text) for __use_two_region_memory
    startup_stm32h743xx.o(.text) refers to system_stm32h7xx.o(i.SystemInit) for SystemInit
    startup_stm32h743xx.o(.text) refers to __main.o(!!!main) for __main
    startup_stm32h743xx.o(.text) refers to startup_stm32h743xx.o(HEAP) for Heap_Mem
    startup_stm32h743xx.o(.text) refers to startup_stm32h743xx.o(STACK) for Stack_Mem
    main.o(i.HAL_GPIO_EXTI_Callback) refers to stm32h7xx_hal_gpio.o(i.HAL_GPIO_ReadPin) for HAL_GPIO_ReadPin
    main.o(i.HAL_GPIO_EXTI_Callback) refers to main.o(i.encoder_tx) for encoder_tx
    main.o(i.HAL_GPIO_EXTI_Callback) refers to stm32h7xx_hal_uart.o(i.HAL_UART_Transmit_IT) for HAL_UART_Transmit_IT
    main.o(i.HAL_GPIO_EXTI_Callback) refers to main.o(.data) for .data
    main.o(i.HAL_GPIO_EXTI_Callback) refers to main.o(.bss) for .bss
    main.o(i.HAL_UART_RxCpltCallback) refers to stm32h7xx_hal_uart.o(i.HAL_UART_Receive_IT) for HAL_UART_Receive_IT
    main.o(i.HAL_UART_RxCpltCallback) refers to main.o(.data) for .data
    main.o(i.HAL_UART_RxCpltCallback) refers to main.o(.bss) for .bss
    main.o(i.MX_ETH_Init) refers to stm32h7xx_hal_eth.o(i.HAL_ETH_Init) for HAL_ETH_Init
    main.o(i.MX_ETH_Init) refers to rt_memclr_w.o(.text) for __aeabi_memclr4
    main.o(i.MX_ETH_Init) refers to main.o(.bss) for .bss
    main.o(i.MX_ETH_Init) refers to main.o(.data) for .data
    main.o(i.MX_ETH_Init) refers to main.o(.ARM.__AT_0x30040060) for .ARM.__AT_0x30040060
    main.o(i.MX_ETH_Init) refers to main.o(.ARM.__AT_0x30040000) for .ARM.__AT_0x30040000
    main.o(i.MX_GPIO_Init) refers to rt_memclr_w.o(.text) for __aeabi_memclr4
    main.o(i.MX_GPIO_Init) refers to stm32h7xx_hal_gpio.o(i.HAL_GPIO_WritePin) for HAL_GPIO_WritePin
    main.o(i.MX_GPIO_Init) refers to stm32h7xx_hal_gpio.o(i.HAL_GPIO_Init) for HAL_GPIO_Init
    main.o(i.MX_GPIO_Init) refers to stm32h7xx_hal_cortex.o(i.HAL_NVIC_SetPriority) for HAL_NVIC_SetPriority
    main.o(i.MX_GPIO_Init) refers to stm32h7xx_hal_cortex.o(i.HAL_NVIC_EnableIRQ) for HAL_NVIC_EnableIRQ
    main.o(i.MX_TIM3_Init) refers to rt_memclr_w.o(.text) for __aeabi_memclr4
    main.o(i.MX_TIM3_Init) refers to stm32h7xx_hal_tim.o(i.HAL_TIM_Base_Init) for HAL_TIM_Base_Init
    main.o(i.MX_TIM3_Init) refers to stm32h7xx_hal_tim.o(i.HAL_TIM_ConfigClockSource) for HAL_TIM_ConfigClockSource
    main.o(i.MX_TIM3_Init) refers to stm32h7xx_hal_tim.o(i.HAL_TIM_PWM_Init) for HAL_TIM_PWM_Init
    main.o(i.MX_TIM3_Init) refers to stm32h7xx_hal_tim_ex.o(i.HAL_TIMEx_MasterConfigSynchronization) for HAL_TIMEx_MasterConfigSynchronization
    main.o(i.MX_TIM3_Init) refers to stm32h7xx_hal_tim.o(i.HAL_TIM_PWM_ConfigChannel) for HAL_TIM_PWM_ConfigChannel
    main.o(i.MX_TIM3_Init) refers to stm32h7xx_hal_msp.o(i.HAL_TIM_MspPostInit) for HAL_TIM_MspPostInit
    main.o(i.MX_TIM3_Init) refers to main.o(.bss) for .bss
    main.o(i.MX_TIM4_Init) refers to rt_memclr_w.o(.text) for __aeabi_memclr4
    main.o(i.MX_TIM4_Init) refers to stm32h7xx_hal_tim.o(i.HAL_TIM_Base_Init) for HAL_TIM_Base_Init
[...]
    .ARM.Collect$$libshutdown$$00000004      0x08000316   Section        0  libshutdown2.o(.ARM.Collect$$libshutdown$$00000004)
    .ARM.Collect$$libshutdown$$00000006      0x08000316   Section        0  libshutdown2.o(.ARM.Collect$$libshutdown$$00000006)
    .ARM.Collect$$libshutdown$$00000009      0x08000316   Section        0  libshutdown2.o(.ARM.Collect$$libshutdown$$00000009)
    .ARM.Collect$$libshutdown$$0000000C      0x08000316   Section        0  libshutdown2.o(.ARM.Collect$$libshutdown$$0000000C)
    .ARM.Collect$$libshutdown$$0000000E      0x08000316   Section        0  libshutdown2.o(.ARM.Collect$$libshutdown$$0000000E)
    .ARM.Collect$$libshutdown$$00000011      0x08000316   Section        0  libshutdown2.o(.ARM.Collect$$libshutdown$$00000011)
    .ARM.Collect$$libshutdown$$00000012      0x08000316   Section        2  libshutdown2.o(.ARM.Collect$$libshutdown$$00000012)
    .ARM.Collect$$rtentry$$00000000          0x08000318   Section        0  __rtentry.o(.ARM.Collect$$rtentry$$00000000)
    .ARM.Collect$$rtentry$$00000002          0x08000318   Section        0  __rtentry2.o(.ARM.Collect$$rtentry$$00000002)
    .ARM.Collect$$rtentry$$00000004          0x08000318   Section        6  __rtentry4.o(.ARM.Collect$$rtentry$$00000004)
    .ARM.Collect$$rtentry$$00000009          0x0800031e   Section        0  __rtentry2.o(.ARM.Collect$$rtentry$$00000009)
    .ARM.Collect$$rtentry$$0000000A          0x0800031e   Section        4  __rtentry2.o(.ARM.Collect$$rtentry$$0000000A)
    .ARM.Collect$$rtentry$$0000000C          0x08000322   Section        0  __rtentry2.o(.ARM.Collect$$rtentry$$0000000C)
    .ARM.Collect$$rtentry$$0000000D          0x08000322   Section        8  __rtentry2.o(.ARM.Collect$$rtentry$$0000000D)
    .ARM.Collect$$rtexit$$00000000           0x0800032a   Section        2  rtexit.o(.ARM.Collect$$rtexit$$00000000)
    .ARM.Collect$$rtexit$$00000002           0x0800032c   Section        0  rtexit2.o(.ARM.Collect$$rtexit$$00000002)
    .ARM.Collect$$rtexit$$00000003           0x0800032c   Section        4  rtexit2.o(.ARM.Collect$$rtexit$$00000003)
    .ARM.Collect$$rtexit$$00000004           0x08000330   Section        6  rtexit2.o(.ARM.Collect$$rtexit$$00000004)
    .text                                    0x08000338   Section       64  startup_stm32h743xx.o(.text)
    $v0                                      0x08000338   Number         0  startup_stm32h743xx.o(.text)
    .text                                    0x08000378   Section      238  lludivv7m.o(.text)
    .text                                    0x08000466   Section      100  rt_memcpy_w.o(.text)
    .text                                    0x080004ca   Section       78  rt_memclr_w.o(.text)
    .text                                    0x08000518   Section        0  heapauxi.o(.text)
    .text                                    0x0800051e   Section       74  sys_stackheap_outer.o(.text)
    .text                                    0x08000568   Section        0  exit.o(.text)
    .text                                    0x0800057c   Section        8  libspace.o(.text)
    .text                                    0x08000584   Section        0  sys_exit.o(.text)
    .text                                    0x08000590   Section        2  use_no_semi.o(.text)
    .text                                    0x08000592   Section        0  indicate_semi.o(.text)
    i.BusFault_Handler                       0x08000592   Section        0  stm32h7xx_it.o(i.BusFault_Handler)
    i.DebugMon_Handler                       0x08000594   Section        0  stm32h7xx_it.o(i.DebugMon_Handler)
    i.ETH_MACDMAConfig                       0x08000596   Section        0  stm32h7xx_hal_eth.o(i.ETH_MACDMAConfig)
    ETH_MACDMAConfig                         0x08000597   Thumb Code   216  stm32h7xx_hal_eth.o(i.ETH_MACDMAConfig)
    i.ETH_SetDMAConfig                       0x08000670   Section        0  stm32h7xx_hal_eth.o(i.ETH_SetDMAConfig)
    ETH_SetDMAConfig                         0x08000671   Thumb Code   168  stm32h7xx_hal_eth.o(i.ETH_SetDMAConfig)
    i.ETH_SetMACConfig                       0x08000724   Section        0  stm32h7xx_hal_eth.o(i.ETH_SetMACConfig)
    ETH_SetMACConfig                         0x08000725   Thumb Code   416  stm32h7xx_hal_eth.o(i.ETH_SetMACConfig)
    i.EXTI15_10_IRQHandler                   0x080008cc   Section        0  stm32h7xx_it.o(i.EXTI15_10_IRQHandler)
    i.EXTI9_5_IRQHandler                     0x080008d4   Section        0  stm32h7xx_it.o(i.EXTI9_5_IRQHandler)
    i.Error_Handler                          0x080008e8   Section        0  main.o(i.Error_Handler)
    i.HAL_DMA_Abort                          0x080008ec   Section        0  stm32h7xx_hal_dma.o(i.HAL_DMA_Abort)
    i.HAL_DMA_Abort_IT                       0x08000c50   Section        0  stm32h7xx_hal_dma.o(i.HAL_DMA_Abort_IT)
    i.HAL_Delay                              0x08000ed4   Section        0  stm32h7xx_hal.o(i.HAL_Delay)
    i.HAL_ETH_Init                           0x08000ef8   Section        0  stm32h7xx_hal_eth.o(i.HAL_ETH_Init)
    i.HAL_ETH_MspInit                        0x08001104   Section        0  stm32h7xx_hal_msp.o(i.HAL_ETH_MspInit)
    i.HAL_GPIO_EXTI_Callback                 0x08001204   Section        0  main.o(i.HAL_GPIO_EXTI_Callback)
    i.HAL_GPIO_EXTI_IRQHandler               0x08001294   Section        0  stm32h7xx_hal_gpio.o(i.HAL_GPIO_EXTI_IRQHandler)
    i.HAL_GPIO_Init                          0x080012ac   Section        0  stm32h7xx_hal_gpio.o(i.HAL_GPIO_Init)
    i.HAL_GPIO_ReadPin                       0x080014dc   Section        0  stm32h7xx_hal_gpio.o(i.HAL_GPIO_ReadPin)
    i.HAL_GPIO_WritePin                      0x080014e6   Section        0  stm32h7xx_hal_gpio.o(i.HAL_GPIO_WritePin)
    i.HAL_GetREVID                           0x080014f0   Section        0  stm32h7xx_hal.o(i.HAL_GetREVID)
    i.HAL_GetTick                            0x080014fc   Section        0  stm32h7xx_hal.o(i.HAL_GetTick)
    i.HAL_IncTick                            0x08001508   Section        0  stm32h7xx_hal.o(i.HAL_IncTick)
    i.HAL_Init                               0x08001518   Section        0  stm32h7xx_hal.o(i.HAL_Init)
    i.HAL_InitTick                           0x08001574   Section        0  stm32h7xx_hal.o(i.HAL_InitTick)
    i.HAL_MspInit                            0x080015b4   Section        0  stm32h7xx_hal_msp.o(i.HAL_MspInit)
    i.HAL_NVIC_EnableIRQ                     0x080015d0   Section        0  stm32h7xx_hal_cortex.o(i.HAL_NVIC_EnableIRQ)
    i.HAL_NVIC_SetPriority                   0x080015ec   Section        0  stm32h7xx_hal_cortex.o(i.HAL_NVIC_SetPriority)
    i.HAL_NVIC_SetPriorityGrouping           0x0800162c   Section        0  stm32h7xx_hal_cortex.o(i.HAL_NVIC_SetPriorityGrouping)
    i.HAL_PCDEx_ActivateLPM                  0x08001650   Section        0  stm32h7xx_hal_pcd_ex.o(i.HAL_PCDEx_ActivateLPM)
    i.HAL_PCD_Init                           0x08001678   Section        0  stm32h7xx_hal_pcd.o(i.HAL_PCD_Init)
    i.HAL_PCD_MspInit                        0x0800176c   Section        0  stm32h7xx_hal_msp.o(i.HAL_PCD_MspInit)
    i.HAL_PWREx_ConfigSupply                 0x0800180c   Section        0  stm32h7xx_hal_pwr_ex.o(i.HAL_PWREx_ConfigSupply)
    i.HAL_PWREx_EnableUSBVoltageDetector     0x08001860   Section        0  stm32h7xx_hal_pwr_ex.o(i.HAL_PWREx_EnableUSBVoltageDetector)
    i.HAL_RCCEx_GetD3PCLK1Freq               0x08001870   Section        0  stm32h7xx_hal_rcc_ex.o(i.HAL_RCCEx_GetD3PCLK1Freq)
    i.HAL_RCCEx_GetPLL2ClockFreq             0x08001894   Section        0  stm32h7xx_hal_rcc_ex.o(i.HAL_RCCEx_GetPLL2ClockFreq)
    i.HAL_RCCEx_GetPLL3ClockFreq             0x080019d8   Section        0  stm32h7xx_hal_rcc_ex.o(i.HAL_RCCEx_GetPLL3ClockFreq)
    i.HAL_RCCEx_PeriphCLKConfig              0x08001b1c   Section        0  stm32h7xx_hal_rcc_ex.o(i.HAL_RCCEx_PeriphCLKConfig)
    i.HAL_RCC_ClockConfig                    0x080023f0   Section        0  stm32h7xx_hal_rcc.o(i.HAL_RCC_ClockConfig)
    i.HAL_RCC_GetHCLKFreq                    0x0800264c   Section        0  stm32h7xx_hal_rcc.o(i.HAL_RCC_GetHCLKFreq)
    i.HAL_RCC_GetPCLK1Freq                   0x08002690   Section        0  stm32h7xx_hal_rcc.o(i.HAL_RCC_GetPCLK1Freq)
    i.HAL_RCC_GetPCLK2Freq                   0x080026b4   Section        0  stm32h7xx_hal_rcc.o(i.HAL_RCC_GetPCLK2Freq)
    i.HAL_RCC_GetSysClockFreq                0x080026d8   Section        0  stm32h7xx_hal_rcc.o(i.HAL_RCC_GetSysClockFreq)
    i.HAL_RCC_OscConfig                      0x08002810   Section        0  stm32h7xx_hal_rcc.o(i.HAL_RCC_OscConfig)
    i.HAL_SYSCFG_ETHInterfaceSelect          0x08002d18   Section        0  stm32h7xx_hal.o(i.HAL_SYSCFG_ETHInterfaceSelect)
    i.HAL_SYSTICK_Config                     0x08002d2c   Section        0  stm32h7xx_hal_cortex.o(i.HAL_SYSTICK_Config)
    i.HAL_TIMEx_MasterConfigSynchronization  0x08002d54   Section        0  stm32h7xx_hal_tim_ex.o(i.HAL_TIMEx_MasterConfigSynchronization)
    i.HAL_TIM_Base_Init                      0x08002dec   Section        0  stm32h7xx_hal_tim.o(i.HAL_TIM_Base_Init)
    i.HAL_TIM_Base_MspInit                   0x08002e50   Section        0  stm32h7xx_hal_msp.o(i.HAL_TIM_Base_MspInit)
    i.HAL_TIM_ConfigClockSource              0x08002e90   Section        0  stm32h7xx_hal_tim.o(i.HAL_TIM_ConfigClockSource)
    i.HAL_TIM_MspPostInit                    0x08002f88   Section        0  stm32h7xx_hal_msp.o(i.HAL_TIM_MspPostInit)
    i.HAL_TIM_PWM_ConfigChannel              0x0800300c   Section        0  stm32h7xx_hal_tim.o(i.HAL_TIM_PWM_ConfigChannel)
    i.HAL_TIM_PWM_Init                       0x0800312a   Section        0  stm32h7xx_hal_tim.o(i.HAL_TIM_PWM_Init)
    i.HAL_TIM_PWM_MspInit                    0x0800318c   Section        0  stm32h7xx_hal_tim.o(i.HAL_TIM_PWM_MspInit)
    i.HAL_TIM_PWM_Start                      0x08003190   Section        0  stm32h7xx_hal_tim.o(i.HAL_TIM_PWM_Start)
    i.HAL_UARTEx_DisableFifoMode             0x0800329c   Section        0  stm32h7xx_hal_uart_ex.o(i.HAL_UARTEx_DisableFifoMode)
    i.HAL_UARTEx_RxEventCallback             0x080032dc   Section        0  stm32h7xx_hal_uart.o(i.HAL_UARTEx_RxEventCallback)
    i.HAL_UARTEx_RxFifoFullCallback          0x080032de   Section        0  stm32h7xx_hal_uart_ex.o(i.HAL_UARTEx_RxFifoFullCallback)
    i.HAL_UARTEx_SetRxFifoThreshold          0x080032e0   Section        0  stm32h7xx_hal_uart_ex.o(i.HAL_UARTEx_SetRxFifoThreshold)
    i.HAL_UARTEx_SetTxFifoThreshold          0x0800332c   Section        0  stm32h7xx_hal_uart_ex.o(i.HAL_UARTEx_SetTxFifoThreshold)
    i.HAL_UARTEx_TxFifoEmptyCallback         0x08003378   Section        0  stm32h7xx_hal_uart_ex.o(i.HAL_UARTEx_TxFifoEmptyCallback)
    i.HAL_UARTEx_WakeupCallback              0x0800337a   Section        0  stm32h7xx_hal_uart_ex.o(i.HAL_UARTEx_WakeupCallback)
    i.HAL_UART_ErrorCallback                 0x0800337c   Section        0  stm32h7xx_hal_uart.o(i.HAL_UART_ErrorCallback)
    i.HAL_UART_IRQHandler                    0x08003380   Section        0  stm32h7xx_hal_uart.o(i.HAL_UART_IRQHandler)
    i.HAL_UART_Init                          0x08003684   Section        0  stm32h7xx_hal_uart.o(i.HAL_UART_Init)
    i.HAL_UART_MspInit                       0x080036f0   Section        0  stm32h7xx_hal_msp.o(i.HAL_UART_MspInit)
    i.HAL_UART_Receive_IT                    0x08003780   Section        0  stm32h7xx_hal_uart.o(i.HAL_UART_Receive_IT)
    i.HAL_UART_RxCpltCallback                0x080037cc   Section        0  main.o(i.HAL_UART_RxCpltCallback)
    i.HAL_UART_Transmit_IT                   0x080037e0   Section        0  stm32h7xx_hal_uart.o(i.HAL_UART_Transmit_IT)
    i.HAL_UART_TxCpltCallback                0x0800387c   Section        0  stm32h7xx_hal_uart.o(i.HAL_UART_TxCpltCallback)
    i.HardFault_Handler                      0x0800387e   Section        0  stm32h7xx_it.o(i.HardFault_Handler)
    i.MX_ETH_Init                            0x08003880   Section        0  main.o(i.MX_ETH_Init)
    MX_ETH_Init                              0x08003881   Thumb Code    88  main.o(i.MX_ETH_Init)
    i.MX_GPIO_Init                           0x080038ec   Section        0  main.o(i.MX_GPIO_Init)
    MX_GPIO_Init                             0x080038ed   Thumb Code   498  main.o(i.MX_GPIO_Init)
    i.MX_TIM3_Init                           0x08003b04   Section        0  main.o(i.MX_TIM3_Init)
    MX_TIM3_Init                             0x08003b05   Thumb Code   144  main.o(i.MX_TIM3_Init)
    i.MX_TIM4_Init                           0x08003b9c   Section        0  main.o(i.MX_TIM4_Init)
    MX_TIM4_Init                             0x08003b9d   Thumb Code   144  main.o(i.MX_TIM4_Init)
    i.MX_USART3_UART_Init                    0x08003c34   Section        0  main.o(i.MX_USART3_UART_Init)
    MX_USART3_UART_Init                      0x08003c35   Thumb Code    90  main.o(i.MX_USART3_UART_Init)
    i.MX_USB_OTG_FS_PCD_Init                 0x08003c98   Section        0  main.o(i.MX_USB_OTG_FS_PCD_Init)
    MX_USB_OTG_FS_PCD_Init                   0x08003c99   Thumb Code    50  main.o(i.MX_USB_OTG_FS_PCD_Init)
    i.MemManage_Handler                      0x08003cd4   Section        0  stm32h7xx_it.o(i.MemManage_Handler)
    i.NMI_Handler                            0x08003cd6   Section        0  stm32h7xx_it.o(i.NMI_Handler)
    i.PendSV_Handler                         0x08003cd8   Section        0  stm32h7xx_it.o(i.PendSV_Handler)
    i.RCCEx_PLL2_Config                      0x08003cdc   Section        0  stm32h7xx_hal_rcc_ex.o(i.RCCEx_PLL2_Config)
    RCCEx_PLL2_Config                        0x08003cdd   Thumb Code   284  stm32h7xx_hal_rcc_ex.o(i.RCCEx_PLL2_Config)
    i.RCCEx_PLL3_Config                      0x08003dfc   Section        0  stm32h7xx_hal_rcc_ex.o(i.RCCEx_PLL3_Config)
    RCCEx_PLL3_Config                        0x08003dfd   Thumb Code   284  stm32h7xx_hal_rcc_ex.o(i.RCCEx_PLL3_Config)
    i.SVC_Handler                            0x08003f1c   Section        0  stm32h7xx_it.o(i.SVC_Handler)
    i.SysTick_Handler                        0x08003f1e   Section        0  stm32h7xx_it.o(i.SysTick_Handler)
    i.SystemClock_Config                     0x08003f24   Section        0  main.o(i.SystemClock_Config)
    i.SystemInit                             0x08003fcc   Section        0  system_stm32h7xx.o(i.SystemInit)
    i.TIM_Base_SetConfig                     0x080040b0   Section        0  stm32h7xx_hal_tim.o(i.TIM_Base_SetConfig)
    i.TIM_CCxChannelCmd                      0x08004174   Section        0  stm32h7xx_hal_tim.o(i.TIM_CCxChannelCmd)
    i.TIM_ETR_SetConfig                      0x0800418e   Section        0  stm32h7xx_hal_tim.o(i.TIM_ETR_SetConfig)
    i.TIM_ITRx_SetConfig                     0x080041a0   Section        0  stm32h7xx_hal_tim.o(i.TIM_ITRx_SetConfig)
    TIM_ITRx_SetConfig                       0x080041a1   Thumb Code    16  stm32h7xx_hal_tim.o(i.TIM_ITRx_SetConfig)
    i.TIM_OC1_SetConfig                      0x080041b4   Section        0  stm32h7xx_hal_tim.o(i.TIM_OC1_SetConfig)
    TIM_OC1_SetConfig                        0x080041b5   Thumb Code   142  stm32h7xx_hal_tim.o(i.TIM_OC1_SetConfig)
    i.TIM_OC2_SetConfig                      0x0800425c   Section        0  stm32h7xx_hal_tim.o(i.TIM_OC2_SetConfig)
    i.TIM_OC3_SetConfig                      0x080042f4   Section        0  stm32h7xx_hal_tim.o(i.TIM_OC3_SetConfig)
    TIM_OC3_SetConfig                        0x080042f5   Thumb Code   118  stm32h7xx_hal_tim.o(i.TIM_OC3_SetConfig)
    i.TIM_OC4_SetConfig                      0x08004380   Section        0  stm32h7xx_hal_tim.o(i.TIM_OC4_SetConfig)
    TIM_OC4_SetConfig                        0x08004381   Thumb Code    88  stm32h7xx_hal_tim.o(i.TIM_OC4_SetConfig)
    i.TIM_OC5_SetConfig                      0x080043ec   Section        0  stm32h7xx_hal_tim.o(i.TIM_OC5_SetConfig)
    TIM_OC5_SetConfig                        0x080043ed   Thumb Code    88  stm32h7xx_hal_tim.o(i.TIM_OC5_SetConfig)
    i.TIM_OC6_SetConfig                      0x08004458   Section        0  stm32h7xx_hal_tim.o(i.TIM_OC6_SetConfig)
    TIM_OC6_SetConfig                        0x08004459   Thumb Code    88  stm32h7xx_hal_tim.o(i.TIM_OC6_SetConfig)
    i.TIM_TI1_ConfigInputStage               0x080044c4   Section        0  stm32h7xx_hal_tim.o(i.TIM_TI1_ConfigInputStage)
    TIM_TI1_ConfigInputStage                 0x080044c5   Thumb Code    34  stm32h7xx_hal_tim.o(i.TIM_TI1_ConfigInputStage)
    i.TIM_TI2_ConfigInputStage               0x080044e6   Section        0  stm32h7xx_hal_tim.o(i.TIM_TI2_ConfigInputStage)
    TIM_TI2_ConfigInputStage                 0x080044e7   Thumb Code    36  stm32h7xx_hal_tim.o(i.TIM_TI2_ConfigInputStage)
    i.UARTEx_SetNbDataToProcess              0x0800450c   Section        0  stm32h7xx_hal_uart_ex.o(i.UARTEx_SetNbDataToProcess)
    UARTEx_SetNbDataToProcess                0x0800450d   Thumb Code    62  stm32h7xx_hal_uart_ex.o(i.UARTEx_SetNbDataToProcess)
    i.UART_AdvFeatureConfig                  0x08004550   Section        0  stm32h7xx_hal_uart.o(i.UART_AdvFeatureConfig)
    i.UART_CheckIdleState                    0x08004618   Section        0  stm32h7xx_hal_uart.o(i.UART_CheckIdleState)
    i.UART_DMAAbortOnError                   0x08004678   Section        0  stm32h7xx_hal_uart.o(i.UART_DMAAbortOnError)
    UART_DMAAbortOnError                     0x08004679   Thumb Code    20  stm32h7xx_hal_uart.o(i.UART_DMAAbortOnError)
    i.UART_EndRxTransfer                     0x0800468c   Section        0  stm32h7xx_hal_uart.o(i.UART_EndRxTransfer)
    UART_EndRxTransfer                       0x0800468d   Thumb Code    50  stm32h7xx_hal_uart.o(i.UART_EndRxTransfer)
    i.UART_RxISR_16BIT                       0x080046c4   Section        0  stm32h7xx_hal_uart.o(i.UART_RxISR_16BIT)
    UART_RxISR_16BIT                         0x080046c5   Thumb Code   128  stm32h7xx_hal_uart.o(i.UART_RxISR_16BIT)
    i.UART_RxISR_16BIT_FIFOEN                0x08004744   Section        0  stm32h7xx_hal_uart.o(i.UART_RxISR_16BIT_FIFOEN)
    UART_RxISR_16BIT_FIFOEN                  0x08004745   Thumb Code   318  stm32h7xx_hal_uart.o(i.UART_RxISR_16BIT_FIFOEN)
    i.UART_RxISR_8BIT                        0x0800488c   Section        0  stm32h7xx_hal_uart.o(i.UART_RxISR_8BIT)
    UART_RxISR_8BIT                          0x0800488d   Thumb Code   128  stm32h7xx_hal_uart.o(i.UART_RxISR_8BIT)
    i.UART_RxISR_8BIT_FIFOEN                 0x0800490c   Section        0  stm32h7xx_hal_uart.o(i.UART_RxISR_8BIT_FIFOEN)
    UART_RxISR_8BIT_FIFOEN                   0x0800490d   Thumb Code   318  stm32h7xx_hal_uart.o(i.UART_RxISR_8BIT_FIFOEN)
    i.UART_SetConfig                         0x08004a54   Section        0  stm32h7xx_hal_uart.o(i.UART_SetConfig)
    i.UART_Start_Receive_IT                  0x08004e00   Section        0  stm32h7xx_hal_uart.o(i.UART_Start_Receive_IT)
    i.UART_TxISR_16BIT                       0x08004ed8   Section        0  stm32h7xx_hal_uart.o(i.UART_TxISR_16BIT)
    UART_TxISR_16BIT                         0x08004ed9   Thumb Code    66  stm32h7xx_hal_uart.o(i.UART_TxISR_16BIT)
    i.UART_TxISR_16BIT_FIFOEN                0x08004f1c   Section        0  stm32h7xx_hal_uart.o(i.UART_TxISR_16BIT_FIFOEN)
    UART_TxISR_16BIT_FIFOEN                  0x08004f1d   Thumb Code    88  stm32h7xx_hal_uart.o(i.UART_TxISR_16BIT_FIFOEN)
    i.UART_TxISR_8BIT                        0x08004f74   Section        0  stm32h7xx_hal_uart.o(i.UART_TxISR_8BIT)
    UART_TxISR_8BIT                          0x08004f75   Thumb Code    62  stm32h7xx_hal_uart.o(i.UART_TxISR_8BIT)
    i.UART_TxISR_8BIT_FIFOEN                 0x08004fb4   Section        0  stm32h7xx_hal_uart.o(i.UART_TxISR_8BIT_FIFOEN)
    UART_TxISR_8BIT_FIFOEN                   0x08004fb5   Thumb Code    84  stm32h7xx_hal_uart.o(i.UART_TxISR_8BIT_FIFOEN)
    i.UART_WaitOnFlagUntilTimeout            0x08005008   Section        0  stm32h7xx_hal_uart.o(i.UART_WaitOnFlagUntilTimeout)
    i.USART3_IRQHandler                      0x080050ac   Section        0  stm32h7xx_it.o(i.USART3_IRQHandler)
    i.USB_CoreInit                           0x080050b8   Section        0  stm32h7xx_ll_usb.o(i.USB_CoreInit)
    i.USB_CoreReset                          0x08005140   Section        0  stm32h7xx_ll_usb.o(i.USB_CoreReset)
    USB_CoreReset                            0x08005141   Thumb Code    50  stm32h7xx_ll_usb.o(i.USB_CoreReset)
    i.USB_DevDisconnect                      0x08005178   Section        0  stm32h7xx_ll_usb.o(i.USB_DevDisconnect)
    i.USB_DevInit                            0x08005194   Section        0  stm32h7xx_ll_usb.o(i.USB_DevInit)
    i.USB_DisableGlobalInt                   0x0800530c   Section        0  stm32h7xx_ll_usb.o(i.USB_DisableGlobalInt)
    i.USB_FlushRxFifo                        0x08005318   Section        0  stm32h7xx_ll_usb.o(i.USB_FlushRxFifo)
    i.USB_FlushTxFifo                        0x08005338   Section        0  stm32h7xx_ll_usb.o(i.USB_FlushTxFifo)
    i.USB_SetCurrentMode                     0x0800535c   Section        0  stm32h7xx_ll_usb.o(i.USB_SetCurrentMode)
    i.UsageFault_Handler                     0x0800538a   Section        0  stm32h7xx_it.o(i.UsageFault_Handler)
    i.__NVIC_SetPriority                     0x0800538c   Section        0  stm32h7xx_hal_cortex.o(i.__NVIC_SetPriority)
    __NVIC_SetPriority                       0x0800538d   Thumb Code    34  stm32h7xx_hal_cortex.o(i.__NVIC_SetPriority)
    i.charToInt                              0x080053ae   Section        0  main.o(i.charToInt)
    i.encoder_tx                             0x08005400   Section        0  main.o(i.encoder_tx)
    i.intToChar                              0x0800550c   Section        0  main.o(i.intToChar)
    i.main                                   0x0800555c   Section        0  main.o(i.main)
    x$fpl$fpinit                             0x080056f4   Section       10  fpinit.o(x$fpl$fpinit)
    $v0                                      0x080056f4   Number         0  fpinit.o(x$fpl$fpinit)
    .constdata                               0x080056fe   Section       24  stm32h7xx_hal_uart.o(.constdata)
    .constdata                               0x08005716   Section       16  stm32h7xx_hal_uart_ex.o(.constdata)
    numerator                                0x08005716   Data           8  stm32h7xx_hal_uart_ex.o(.constdata)
    denominator                              0x0800571e   Data           8  stm32h7xx_hal_uart_ex.o(.constdata)
    .constdata                               0x08005726   Section       16  system_stm32h7xx.o(.constdata)
    .data                                    0x24000000   Section       42  main.o(.data)
    MACAddr                                  0x2400001c   Data           6  main.o(.data)
    .data                                    0x2400002c   Section       12  stm32h7xx_hal.o(.data)
    .data                                    0x24000038   Section        8  system_stm32h7xx.o(.data)
    .bss                                     0x24000040   Section     1526  main.o(.bss)
    .bss                                     0x24000638   Section       96  libspace.o(.bss)
    HEAP                                     0x24000698   Section      512  startup_stm32h743xx.o(HEAP)
    Heap_Mem                                 0x24000698   Data         512  startup_stm32h743xx.o(HEAP)
    STACK                                    0x24000898   Section     1024  startup_stm32h743xx.o(STACK)
    Stack_Mem                                0x24000898   Data        1024  startup_stm32h743xx.o(STACK)
    __initial_sp                             0x24000c98   Data           0  startup_stm32h743xx.o(STACK)
    .ARM.__AT_0x30040000                     0x30040000   Section       96  main.o(.ARM.__AT_0x30040000)
    .ARM.__AT_0x30040060                     0x30040060   Section       96  main.o(.ARM.__AT_0x30040060)
    .ARM.__AT_0x30040200                     0x30040200   Section     6112  main.o(.ARM.__AT_0x30040200)

    Global Symbols

    Symbol Name                              Value     Ov Type        Size  Object(Section)

    BuildAttributes$$THM_ISAv4$E$P$D$K$B$S$7EM$VFPv5_D16$PE$PLD8$A:L22UL41UL21$X:L11$S22US41US21$IEEE1$IW$USESV6$~STKCKD$USESV7$~SHL$OSPACE$ROPI$EBA8$UX$STANDARDLIB$REQ8$PRES8$EABIv2 0x00000000   Number         0  anon$$obj.o ABSOLUTE
    __ARM_use_no_argv                        0x00000000   Number         0  main.o ABSOLUTE
    __ARM_exceptions_init                     - Undefined Weak Reference
    __alloca_initialize                       - Undefined Weak Reference
    __arm_fini_                               - Undefined Weak Reference
    __arm_preinit_                            - Undefined Weak Reference
    __cpp_initialize__aeabi_                  - Undefined Weak Reference
    __cxa_finalize                            - Undefined Weak Reference
    __rt_locale                               - Undefined Weak Reference
    __sigvec_lookup                           - Undefined Weak Reference
    _atexit_init                              - Undefined Weak Reference
    _call_atexit_fns                          - Undefined Weak Reference
    _clock_init                               - Undefined Weak Reference
    _fp_trap_init                             - Undefined Weak Reference
    _fp_trap_shutdown                         - Undefined Weak Reference
    _get_lc_collate                           - Undefined Weak Reference
    _get_lc_ctype                             - Undefined Weak Reference
    _get_lc_monetary                          - Undefined Weak Reference
    _get_lc_numeric                           - Undefined Weak Reference
    _get_lc_time                              - Undefined Weak Reference
    _getenv_init                              - Undefined Weak Reference
    _handle_redirection                       - Undefined Weak Reference
    _init_alloc                               - Undefined Weak Reference
    _init_user_alloc                          - Undefined Weak Reference
    _initio                                   - Undefined Weak Reference
    _rand_init                                - Undefined Weak Reference
    _signal_finish                            - Undefined Weak Reference
    _signal_init                              - Undefined Weak Reference
    _terminate_alloc                          - Undefined Weak Reference
    _terminate_user_alloc                     - Undefined Weak Reference
    _terminateio                              - Undefined Weak Reference
    __Vectors_Size                           0x00000298   Number         0  startup_stm32h743xx.o ABSOLUTE
    __Vectors                                0x08000000   Data           4  startup_stm32h743xx.o(RESET)
    __Vectors_End                            0x08000298   Data           0  startup_stm32h743xx.o(RESET)
    __main                                   0x08000299   Thumb Code     8  __main.o(!!!main)
    __scatterload                            0x080002a1   Thumb Code     0  __scatter.o(!!!scatter)
    __scatterload_rt2                        0x080002a1   Thumb Code    44  __scatter.o(!!!scatter)
    __scatterload_rt2_thumb_only             0x080002a1   Thumb Code     0  __scatter.o(!!!scatter)
    __scatterload_null                       0x080002af   Thumb Code     0  __scatter.o(!!!scatter)
    __scatterload_copy                       0x080002d5   Thumb Code    26  __scatter_copy.o(!!handler_copy)
    __scatterload_zeroinit                   0x080002f1   Thumb Code    28  __scatter_zi.o(!!handler_zi)
    __rt_lib_init                            0x0800030d   Thumb Code     0  libinit.o(.ARM.Collect$$libinit$$00000000)
    __rt_lib_init_fp_1                       0x0800030f   Thumb Code     0  libinit2.o(.ARM.Collect$$libinit$$00000001)
    __rt_lib_init_alloca_1                   0x08000313   Thumb Code     0  libinit2.o(.ARM.Collect$$libinit$$0000002E)
    __rt_lib_init_argv_1                     0x08000313   Thumb Code     0  libinit2.o(.ARM.Collect$$libinit$$0000002C)
    __rt_lib_init_atexit_1                   0x08000313   Thumb Code     0  libinit2.o(.ARM.Collect$$libinit$$0000001B)
    __rt_lib_init_clock_1                    0x08000313   Thumb Code     0  libinit2.o(.ARM.Collect$$libinit$$00000021)
    __rt_lib_init_cpp_1                      0x08000313   Thumb Code     0  libinit2.o(.ARM.Collect$$libinit$$00000032)
    __rt_lib_init_exceptions_1               0x08000313   Thumb Code     0  libinit2.o(.ARM.Collect$$libinit$$00000030)
    __rt_lib_init_fp_trap_1                  0x08000313   Thumb Code     0  libinit2.o(.ARM.Collect$$libinit$$0000001F)
    __rt_lib_init_getenv_1                   0x08000313   Thumb Code     0  libinit2.o(.ARM.Collect$$libinit$$00000023)
    __rt_lib_init_heap_1                     0x08000313   Thumb Code     0  libinit2.o(.ARM.Collect$$libinit$$0000000A)
    __rt_lib_init_lc_collate_1               0x08000313   Thumb Code     0  libinit2.o(.ARM.Collect$$libinit$$00000011)
    __rt_lib_init_lc_ctype_1                 0x08000313   Thumb Code     0  libinit2.o(.ARM.Collect$$libinit$$00000013)
    __rt_lib_init_lc_monetary_1              0x08000313   Thumb Code     0  libinit2.o(.ARM.Collect$$libinit$$00000015)
    __rt_lib_init_lc_numeric_1               0x08000313   Thumb Code     0  libinit2.o(.ARM.Collect$$libinit$$00000017)
    __rt_lib_init_lc_time_1                  0x08000313   Thumb Code     0  libinit2.o(.ARM.Collect$$libinit$$00000019)
    __rt_lib_init_preinit_1                  0x08000313   Thumb Code     0  libinit2.o(.ARM.Collect$$libinit$$00000004)
    __rt_lib_init_rand_1                     0x08000313   Thumb Code     0  libinit2.o(.ARM.Collect$$libinit$$0000000E)
    __rt_lib_init_return                     0x08000313   Thumb Code     0  libinit2.o(.ARM.Collect$$libinit$$00000033)
    __rt_lib_init_signal_1                   0x08000313   Thumb Code     0  libinit2.o(.ARM.Collect$$libinit$$0000001D)
    __rt_lib_init_stdio_1                    0x08000313   Thumb Code     0  libinit2.o(.ARM.Collect$$libinit$$00000025)
    __rt_lib_init_user_alloc_1               0x08000313   Thumb Code     0  libinit2.o(.ARM.Collect$$libinit$$0000000C)
    __rt_lib_shutdown                        0x08000315   Thumb Code     0  libshutdown.o(.ARM.Collect$$libshutdown$$00000000)
    __rt_lib_shutdown_cpp_1                  0x08000317   Thumb Code     0  libshutdown2.o(.ARM.Collect$$libshutdown$$00000004)
    __rt_lib_shutdown_fini_1                 0x08000317   Thumb Code     0  libshutdown2.o(.ARM.Collect$$libshutdown$$00000002)
    __rt_lib_shutdown_fp_trap_1              0x08000317   Thumb Code     0  libshutdown2.o(.ARM.Collect$$libshutdown$$00000009)
    __rt_lib_shutdown_heap_1                 0x08000317   Thumb Code     0  libshutdown2.o(.ARM.Collect$$libshutdown$$00000011)
    __rt_lib_shutdown_return                 0x08000317   Thumb Code     0  libshutdown2.o(.ARM.Collect$$libshutdown$$00000012)
    __rt_lib_shutdown_signal_1               0x08000317   Thumb Code     0  libshutdown2.o(.ARM.Collect$$libshutdown$$0000000C)
    __rt_lib_shutdown_stdio_1                0x08000317   Thumb Code     0  libshutdown2.o(.ARM.Collect$$libshutdown$$00000006)
    __rt_lib_shutdown_user_alloc_1           0x08000317   Thumb Code     0  libshutdown2.o(.ARM.Collect$$libshutdown$$0000000E)
    __rt_entry                               0x08000319   Thumb Code     0  __rtentry.o(.ARM.Collect$$rtentry$$00000000)
    __rt_entry_presh_1                       0x08000319   Thumb Code     0  __rtentry2.o(.ARM.Collect$$rtentry$$00000002)
    __rt_entry_sh                            0x08000319   Thumb Code     0  __rtentry4.o(.ARM.Collect$$rtentry$$00000004)
    __rt_entry_li                            0x0800031f   Thumb Code     0  __rtentry2.o(.ARM.Collect$$rtentry$$0000000A)
    __rt_entry_postsh_1                      0x0800031f   Thumb Code     0  __rtentry2.o(.ARM.Collect$$rtentry$$00000009)
    __rt_entry_main                          0x08000323   Thumb Code     0  __rtentry2.o(.ARM.Collect$$rtentry$$0000000D)
    __rt_entry_postli_1                      0x08000323   Thumb Code     0  __rtentry2.o(.ARM.Collect$$rtentry$$0000000C)
    __rt_exit                                0x0800032b   Thumb Code     0  rtexit.o(.ARM.Collect$$rtexit$$00000000)
    __rt_exit_ls                             0x0800032d   Thumb Code     0  rtexit2.o(.ARM.Collect$$rtexit$$00000003)
    __rt_exit_prels_1                        0x0800032d   Thumb Code     0  rtexit2.o(.ARM.Collect$$rtexit$$00000002)
    __rt_exit_exit                           0x08000331   Thumb Code     0  rtexit2.o(.ARM.Collect$$rtexit$$00000004)
    Reset_Handler                            0x08000339   Thumb Code     8  startup_stm32h743xx.o(.text)
    ADC3_IRQHandler                          0x08000353   Thumb Code     0  startup_stm32h743xx.o(.text)
    ADC_IRQHandler                           0x08000353   Thumb Code     0  startup_stm32h743xx.o(.text)
    BDMA_Channel0_IRQHandler                 0x08000353   Thumb Code     0  startup_stm32h743xx.o(.text)
    BDMA_Channel1_IRQHandler                 0x08000353   Thumb Code     0  startup_stm32h743xx.o(.text)
    BDMA_Channel2_IRQHandler                 0x08000353   Thumb Code     0  startup_stm32h743xx.o(.text)
    BDMA_Channel3_IRQHandler                 0x08000353   Thumb Code     0  startup_stm32h743xx.o(.text)
    BDMA_Channel4_IRQHandler                 0x08000353   Thumb Code     0  startup_stm32h743xx.o(.text)
    BDMA_Channel5_IRQHandler                 0x08000353   Thumb Code     0  startup_stm32h743xx.o(.text)
    BDMA_Channel6_IRQHandler                 0x08000353   Thumb Code     0  startup_stm32h743xx.o(.text)
    BDMA_Channel7_IRQHandler                 0x08000353   Thumb Code     0  startup_stm32h743xx.o(.text)
    CEC_IRQHandler                           0x08000353   Thumb Code     0  startup_stm32h743xx.o(.text)
    COMP1_IRQHandler                         0x08000353   Thumb Code     0  startup_stm32h743xx.o(.text)
    CRS_IRQHandler                           0x08000353   Thumb Code     0  startup_stm32h743xx.o(.text)
    DCMI_IRQHandler                          0x08000353   Thumb Code     0  startup_stm32h743xx.o(.text)
    DFSDM1_FLT0_IRQHandler                   0x08000353   Thumb Code     0  startup_stm32h743xx.o(.text)
    DFSDM1_FLT1_IRQHandler                   0x08000353   Thumb Code     0  startup_stm32h743xx.o(.text)
    DFSDM1_FLT2_IRQHandler                   0x08000353   Thumb Code     0  startup_stm32h743xx.o(.text)
    DFSDM1_FLT3_IRQHandler                   0x08000353   Thumb Code     0  startup_stm32h743xx.o(.text)
    DMA1_Stream0_IRQHandler                  0x08000353   Thumb Code     0  startup_stm32h743xx.o(.text)
    DMA1_Stream1_IRQHandler                  0x08000353   Thumb Code     0  startup_stm32h743xx.o(.text)
    DMA1_Stream2_IRQHandler                  0x08000353   Thumb Code     0  startup_stm32h743xx.o(.text)
    DMA1_Stream3_IRQHandler                  0x08000353   Thumb Code     0  startup_stm32h743xx.o(.text)
    DMA1_Stream4_IRQHandler                  0x08000353   Thumb Code     0  startup_stm32h743xx.o(.text)
    DMA1_Stream5_IRQHandler                  0x08000353   Thumb Code     0  startup_stm32h743xx.o(.text)
    DMA1_Stream6_IRQHandler                  0x08000353   Thumb Code     0  startup_stm32h743xx.o(.text)
    DMA1_Stream7_IRQHandler                  0x08000353   Thumb Code     0  startup_stm32h743xx.o(.text)
    DMA2D_IRQHandler                         0x08000353   Thumb Code     0  startup_stm32h743xx.o(.text)
    DMA2_Stream0_IRQHandler                  0x08000353   Thumb Code     0  startup_stm32h743xx.o(.text)
    DMA2_Stream1_IRQHandler                  0x08000353   Thumb Code     0  startup_stm32h743xx.o(.text)
    DMA2_Stream2_IRQHandler                  0x08000353   Thumb Code     0  startup_stm32h743xx.o(.text)
    DMA2_Stream3_IRQHandler                  0x08000353   Thumb Code     0  startup_stm32h743xx.o(.text)
    DMA2_Stream4_IRQHandler                  0x08000353   Thumb Code     0  startup_stm32h743xx.o(.text)
    DMA2_Stream5_IRQHandler                  0x08000353   Thumb Code     0  startup_stm32h743xx.o(.text)
    DMA2_Stream6_IRQHandler                  0x08000353   Thumb Code     0  startup_stm32h743xx.o(.text)
    DMA2_Stream7_IRQHandler                  0x08000353   Thumb Code     0  startup_stm32h743xx.o(.text)
    DMAMUX1_OVR_IRQHandler                   0x08000353   Thumb Code     0  startup_stm32h743xx.o(.text)
    DMAMUX2_OVR_IRQHandler                   0x08000353   Thumb Code     0  startup_stm32h743xx.o(.text)
    ECC_IRQHandler                           0x08000353   Thumb Code     0  startup_stm32h743xx.o(.text)
    ETH_IRQHandler                           0x08000353   Thumb Code     0  startup_stm32h743xx.o(.text)
    ETH_WKUP_IRQHandler                      0x08000353   Thumb Code     0  startup_stm32h743xx.o(.text)
    EXTI0_IRQHandler                         0x08000353   Thumb Code     0  startup_stm32h743xx.o(.text)
    EXTI1_IRQHandler                         0x08000353   Thumb Code     0  startup_stm32h743xx.o(.text)
    EXTI2_IRQHandler                         0x08000353   Thumb Code     0  startup_stm32h743xx.o(.text)
    EXTI3_IRQHandler                         0x08000353   Thumb Code     0  startup_stm32h743xx.o(.text)
    EXTI4_IRQHandler                         0x08000353   Thumb Code     0  startup_stm32h743xx.o(.text)
    FDCAN1_IT0_IRQHandler                    0x08000353   Thumb Code     0  startup_stm32h743xx.o(.text)
    FDCAN1_IT1_IRQHandler                    0x08000353   Thumb Code     0  startup_stm32h743xx.o(.text)
    FDCAN2_IT0_IRQHandler                    0x08000353   Thumb Code     0  startup_stm32h743xx.o(.text)
    FDCAN2_IT1_IRQHandler                    0x08000353   Thumb Code     0  startup_stm32h743xx.o(.text)
    FDCAN_CAL_IRQHandler                     0x08000353   Thumb Code     0  startup_stm32h743xx.o(.text)
    FLASH_IRQHandler                         0x08000353   Thumb Code     0  startup_stm32h743xx.o(.text)
    FMC_IRQHandler                           0x08000353   Thumb Code     0  startup_stm32h743xx.o(.text)
    FPU_IRQHandler                           0x08000353   Thumb Code     0  startup_stm32h743xx.o(.text)
    HRTIM1_FLT_IRQHandler                    0x08000353   Thumb Code     0  startup_stm32h743xx.o(.text)
    HRTIM1_Master_IRQHandler                 0x08000353   Thumb Code     0  startup_stm32h743xx.o(.text)
    HRTIM1_TIMA_IRQHandler                   0x08000353   Thumb Code     0  startup_stm32h743xx.o(.text)
    HRTIM1_TIMB_IRQHandler                   0x08000353   Thumb Code     0  startup_stm32h743xx.o(.text)
    HRTIM1_TIMC_IRQHandler                   0x08000353   Thumb Code     0  startup_stm32h743xx.o(.text)
    HRTIM1_TIMD_IRQHandler                   0x08000353   Thumb Code     0  startup_stm32h743xx.o(.text)
    HRTIM1_TIME_IRQHandler                   0x08000353   Thumb Code     0  startup_stm32h743xx.o(.text)
    HSEM1_IRQHandler                         0x08000353   Thumb Code     0  startup_stm32h743xx.o(.text)
    I2C1_ER_IRQHandler                       0x08000353   Thumb Code     0  startup_stm32h743xx.o(.text)
    I2C1_EV_IRQHandler                       0x08000353   Thumb Code     0  startup_stm32h743xx.o(.text)
    I2C2_ER_IRQHandler                       0x08000353   Thumb Code     0  startup_stm32h743xx.o(.text)
    I2C2_EV_IRQHandler                       0x08000353   Thumb Code     0  startup_stm32h743xx.o(.text)
    I2C3_ER_IRQHandler                       0x08000353   Thumb Code     0  startup_stm32h743xx.o(.text)
    I2C3_EV_IRQHandler                       0x08000353   Thumb Code     0  startup_stm32h743xx.o(.text)
    I2C4_ER_IRQHandler                       0x08000353   Thumb Code     0  startup_stm32h743xx.o(.text)
    I2C4_EV_IRQHandler                       0x08000353   Thumb Code     0  startup_stm32h743xx.o(.text)
    JPEG_IRQHandler                          0x08000353   Thumb Code     0  startup_stm32h743xx.o(.text)
    LPTIM1_IRQHandler                        0x08000353   Thumb Code     0  startup_stm32h743xx.o(.text)
    LPTIM2_IRQHandler                        0x08000353   Thumb Code     0  startup_stm32h743xx.o(.text)
    LPTIM3_IRQHandler                        0x08000353   Thumb Code     0  startup_stm32h743xx.o(.text)
    LPTIM4_IRQHandler                        0x08000353   Thumb Code     0  startup_stm32h743xx.o(.text)
    LPTIM5_IRQHandler                        0x08000353   Thumb Code     0  startup_stm32h743xx.o(.text)
    LPUART1_IRQHandler                       0x08000353   Thumb Code     0  startup_stm32h743xx.o(.text)
    LTDC_ER_IRQHandler                       0x08000353   Thumb Code     0  startup_stm32h743xx.o(.text)
    LTDC_IRQHandler                          0x08000353   Thumb Code     0  startup_stm32h743xx.o(.text)
    MDIOS_IRQHandler                         0x08000353   Thumb Code     0  startup_stm32h743xx.o(.text)
    MDIOS_WKUP_IRQHandler                    0x08000353   Thumb Code     0  startup_stm32h743xx.o(.text)
    MDMA_IRQHandler                          0x08000353   Thumb Code     0  startup_stm32h743xx.o(.text)
    OTG_FS_EP1_IN_IRQHandler                 0x08000353   Thumb Code     0  startup_stm32h743xx.o(.text)
    OTG_FS_EP1_OUT_IRQHandler                0x08000353   Thumb Code     0  startup_stm32h743xx.o(.text)
    OTG_FS_IRQHandler                        0x08000353   Thumb Code     0  startup_stm32h743xx.o(.text)
    OTG_FS_WKUP_IRQHandler                   0x08000353   Thumb Code     0  startup_stm32h743xx.o(.text)
    OTG_HS_EP1_IN_IRQHandler                 0x08000353   Thumb Code     0  startup_stm32h743xx.o(.text)
    OTG_HS_EP1_OUT_IRQHandler                0x08000353   Thumb Code     0  startup_stm32h743xx.o(.text)
    OTG_HS_IRQHandler                        0x08000353   Thumb Code     0  startup_stm32h743xx.o(.text)
    OTG_HS_WKUP_IRQHandler                   0x08000353   Thumb Code     0  startup_stm32h743xx.o(.text)
    PVD_AVD_IRQHandler                       0x08000353   Thumb Code     0  startup_stm32h743xx.o(.text)
    QUADSPI_IRQHandler                       0x08000353   Thumb Code     0  startup_stm32h743xx.o(.text)
    RCC_IRQHandler                           0x08000353   Thumb Code     0  startup_stm32h743xx.o(.text)
    RNG_IRQHandler                           0x08000353   Thumb Code     0  startup_stm32h743xx.o(.text)
    RTC_Alarm_IRQHandler                     0x08000353   Thumb Code     0  startup_stm32h743xx.o(.text)
    RTC_WKUP_IRQHandler                      0x08000353   Thumb Code     0  startup_stm32h743xx.o(.text)
    SAI1_IRQHandler                          0x08000353   Thumb Code     0  startup_stm32h743xx.o(.text)
    SAI2_IRQHandler                          0x08000353   Thumb Code     0  startup_stm32h743xx.o(.text)
    SAI3_IRQHandler                          0x08000353   Thumb Code     0  startup_stm32h743xx.o(.text)
    SAI4_IRQHandler                          0x08000353   Thumb Code     0  startup_stm32h743xx.o(.text)
    SDMMC1_IRQHandler                        0x08000353   Thumb Code     0  startup_stm32h743xx.o(.text)
    SDMMC2_IRQHandler                        0x08000353   Thumb Code     0  startup_stm32h743xx.o(.text)
    SPDIF_RX_IRQHandler                      0x08000353   Thumb Code     0  startup_stm32h743xx.o(.text)
    SPI1_IRQHandler                          0x08000353   Thumb Code     0  startup_stm32h743xx.o(.text)
    SPI2_IRQHandler                          0x08000353   Thumb Code     0  startup_stm32h743xx.o(.text)
    SPI3_IRQHandler                          0x08000353   Thumb Code     0  startup_stm32h743xx.o(.text)
    SPI4_IRQHandler                          0x08000353   Thumb Code     0  startup_stm32h743xx.o(.text)
    SPI5_IRQHandler                          0x08000353   Thumb Code     0  startup_stm32h743xx.o(.text)
    SPI6_IRQHandler                          0x08000353   Thumb Code     0  startup_stm32h743xx.o(.text)
    SWPMI1_IRQHandler                        0x08000353   Thumb Code     0  startup_stm32h743xx.o(.text)
    TAMP_STAMP_IRQHandler                    0x08000353   Thumb Code     0  startup_stm32h743xx.o(.text)
    TIM15_IRQHandler                         0x08000353   Thumb Code     0  startup_stm32h743xx.o(.text)
    TIM16_IRQHandler                         0x08000353   Thumb Code     0  startup_stm32h743xx.o(.text)
    TIM17_IRQHandler                         0x08000353   Thumb Code     0  startup_stm32h743xx.o(.text)
    TIM1_BRK_IRQHandler                      0x08000353   Thumb Code     0  startup_stm32h743xx.o(.text)
    TIM1_CC_IRQHandler                       0x08000353   Thumb Code     0  startup_stm32h743xx.o(.text)
    TIM1_TRG_COM_IRQHandler                  0x08000353   Thumb Code     0  startup_stm32h743xx.o(.text)
    TIM1_UP_IRQHandler                       0x08000353   Thumb Code     0  startup_stm32h743xx.o(.text)
    TIM2_IRQHandler                          0x08000353   Thumb Code     0  startup_stm32h743xx.o(.text)
    TIM3_IRQHandler                          0x08000353   Thumb Code     0  startup_stm32h743xx.o(.text)
    TIM4_IRQHandler                          0x08000353   Thumb Code     0  startup_stm32h743xx.o(.text)
    TIM5_IRQHandler                          0x08000353   Thumb Code     0  startup_stm32h743xx.o(.text)
    TIM6_DAC_IRQHandler                      0x08000353   Thumb Code     0  startup_stm32h743xx.o(.text)
    TIM7_IRQHandler                          0x08000353   Thumb Code     0  startup_stm32h743xx.o(.text)
    TIM8_BRK_TIM12_IRQHandler                0x08000353   Thumb Code     0  startup_stm32h743xx.o(.text)
    TIM8_CC_IRQHandler                       0x08000353   Thumb Code     0  startup_stm32h743xx.o(.text)
    TIM8_TRG_COM_TIM14_IRQHandler            0x08000353   Thumb Code     0  startup_stm32h743xx.o(.text)
    TIM8_UP_TIM13_IRQHandler                 0x08000353   Thumb Code     0  startup_stm32h743xx.o(.text)
    UART4_IRQHandler                         0x08000353   Thumb Code     0  startup_stm32h743xx.o(.text)
    UART5_IRQHandler                         0x08000353   Thumb Code     0  startup_stm32h743xx.o(.text)
    UART7_IRQHandler                         0x08000353   Thumb Code     0  startup_stm32h743xx.o(.text)
    UART8_IRQHandler                         0x08000353   Thumb Code     0  startup_stm32h743xx.o(.text)
    USART1_IRQHandler                        0x08000353   Thumb Code     0  startup_stm32h743xx.o(.text)
    USART2_IRQHandler                        0x08000353   Thumb Code     0  startup_stm32h743xx.o(.text)
    USART6_IRQHandler                        0x08000353   Thumb Code     0  startup_stm32h743xx.o(.text)
    WAKEUP_PIN_IRQHandler                    0x08000353   Thumb Code     0  startup_stm32h743xx.o(.text)
    WWDG_IRQHandler                          0x08000353   Thumb Code     0  startup_stm32h743xx.o(.text)
    __user_initial_stackheap                 0x08000355   Thumb Code     0  startup_stm32h743xx.o(.text)
    __aeabi_uldivmod                         0x08000379   Thumb Code     0  lludivv7m.o(.text)
    _ll_udiv                                 0x08000379   Thumb Code   238  lludivv7m.o(.text)
    __aeabi_memcpy4                          0x08000467   Thumb Code     0  rt_memcpy_w.o(.text)
    __aeabi_memcpy8                          0x08000467   Thumb Code     0  rt_memcpy_w.o(.text)
    __rt_memcpy_w                            0x08000467   Thumb Code   100  rt_memcpy_w.o(.text)
    _memcpy_lastbytes_aligned                0x080004af   Thumb Code     0  rt_memcpy_w.o(.text)
    __aeabi_memclr4                          0x080004cb   Thumb Code     0  rt_memclr_w.o(.text)
    __aeabi_memclr8                          0x080004cb   Thumb Code     0  rt_memclr_w.o(.text)
    __rt_memclr_w                            0x080004cb   Thumb Code    78  rt_memclr_w.o(.text)
    _memset_w                                0x080004cf   Thumb Code     0  rt_memclr_w.o(.text)
    __use_two_region_memory                  0x08000519   Thumb Code     2  heapauxi.o(.text)
    __rt_heap_escrow$2region                 0x0800051b   Thumb Code     2  heapauxi.o(.text)
    __rt_heap_expand$2region                 0x0800051d   Thumb Code     2  heapauxi.o(.text)
    __user_setup_stackheap                   0x0800051f   Thumb Code    74  sys_stackheap_outer.o(.text)
    exit                                     0x08000569   Thumb Code    18  exit.o(.text)
    __user_libspace                          0x0800057d   Thumb Code     8  libspace.o(.text)
    __user_perproc_libspace                  0x0800057d   Thumb Code     0  libspace.o(.text)
    __user_perthread_libspace                0x0800057d   Thumb Code     0  libspace.o(.text)
    _sys_exit                                0x08000585   Thumb Code     8  sys_exit.o(.text)
    __I$use$semihosting                      0x08000591   Thumb Code     0  use_no_semi.o(.text)
    __use_no_semihosting_swi                 0x08000591   Thumb Code     2  use_no_semi.o(.text)
    BusFault_Handler                         0x08000593   Thumb Code     2  stm32h7xx_it.o(i.BusFault_Handler)
    __semihosting_library_function           0x08000593   Thumb Code     0  indicate_semi.o(.text)
    DebugMon_Handler                         0x08000595   Thumb Code     2  stm32h7xx_it.o(i.DebugMon_Handler)
    EXTI15_10_IRQHandler                     0x080008cd   Thumb Code     8  stm32h7xx_it.o(i.EXTI15_10_IRQHandler)
    EXTI9_5_IRQHandler                       0x080008d5   Thumb Code    20  stm32h7xx_it.o(i.EXTI9_5_IRQHandler)
    Error_Handler                            0x080008e9   Thumb Code     4  main.o(i.Error_Handler)
    HAL_DMA_Abort                            0x080008ed   Thumb Code   840  stm32h7xx_hal_dma.o(i.HAL_DMA_Abort)
    HAL_DMA_Abort_IT                         0x08000c51   Thumb Code   602  stm32h7xx_hal_dma.o(i.HAL_DMA_Abort_IT)
    HAL_Delay                                0x08000ed5   Thumb Code    32  stm32h7xx_hal.o(i.HAL_Delay)
    HAL_ETH_Init                             0x08000ef9   Thumb Code   484  stm32h7xx_hal_eth.o(i.HAL_ETH_Init)
    HAL_ETH_MspInit                          0x08001105   Thumb Code   232  stm32h7xx_hal_msp.o(i.HAL_ETH_MspInit)
    HAL_GPIO_EXTI_Callback                   0x08001205   Thumb Code   132  main.o(i.HAL_GPIO_EXTI_Callback)
    HAL_GPIO_EXTI_IRQHandler                 0x08001295   Thumb Code    24  stm32h7xx_hal_gpio.o(i.HAL_GPIO_EXTI_IRQHandler)
    HAL_GPIO_Init                            0x080012ad   Thumb Code   510  stm32h7xx_hal_gpio.o(i.HAL_GPIO_Init)
    HAL_GPIO_ReadPin                         0x080014dd   Thumb Code    10  stm32h7xx_hal_gpio.o(i.HAL_GPIO_ReadPin)
    HAL_GPIO_WritePin                        0x080014e7   Thumb Code    10  stm32h7xx_hal_gpio.o(i.HAL_GPIO_WritePin)
    HAL_GetREVID                             0x080014f1   Thumb Code     8  stm32h7xx_hal.o(i.HAL_GetREVID)
    HAL_GetTick                              0x080014fd   Thumb Code     6  stm32h7xx_hal.o(i.HAL_GetTick)
    HAL_IncTick                              0x08001509   Thumb Code    12  stm32h7xx_hal.o(i.HAL_IncTick)
    HAL_Init                                 0x08001519   Thumb Code    74  stm32h7xx_hal.o(i.HAL_Init)
    HAL_InitTick                             0x08001575   Thumb Code    56  stm32h7xx_hal.o(i.HAL_InitTick)
    HAL_MspInit                              0x080015b5   Thumb Code    22  stm32h7xx_hal_msp.o(i.HAL_MspInit)
    HAL_NVIC_EnableIRQ                       0x080015d1   Thumb Code    26  stm32h7xx_hal_cortex.o(i.HAL_NVIC_EnableIRQ)
    HAL_NVIC_SetPriority                     0x080015ed   Thumb Code    60  stm32h7xx_hal_cortex.o(i.HAL_NVIC_SetPriority)
    HAL_NVIC_SetPriorityGrouping             0x0800162d   Thumb Code    28  stm32h7xx_hal_cortex.o(i.HAL_NVIC_SetPriorityGrouping)
    HAL_PCDEx_ActivateLPM                    0x08001651   Thumb Code    34  stm32h7xx_hal_pcd_ex.o(i.HAL_PCDEx_ActivateLPM)
    HAL_PCD_Init                             0x08001679   Thumb Code   242  stm32h7xx_hal_pcd.o(i.HAL_PCD_Init)
    HAL_PCD_MspInit                          0x0800176d   Thumb Code   146  stm32h7xx_hal_msp.o(i.HAL_PCD_MspInit)
    HAL_PWREx_ConfigSupply                   0x0800180d   Thumb Code    78  stm32h7xx_hal_pwr_ex.o(i.HAL_PWREx_ConfigSupply)
    HAL_PWREx_EnableUSBVoltageDetector       0x08001861   Thumb Code    12  stm32h7xx_hal_pwr_ex.o(i.HAL_PWREx_EnableUSBVoltageDetector)
    HAL_RCCEx_GetD3PCLK1Freq                 0x08001871   Thumb Code    26  stm32h7xx_hal_rcc_ex.o(i.HAL_RCCEx_GetD3PCLK1Freq)
    HAL_RCCEx_GetPLL2ClockFreq               0x08001895   Thumb Code   296  stm32h7xx_hal_rcc_ex.o(i.HAL_RCCEx_GetPLL2ClockFreq)
    HAL_RCCEx_GetPLL3ClockFreq               0x080019d9   Thumb Code   296  stm32h7xx_hal_rcc_ex.o(i.HAL_RCCEx_GetPLL3ClockFreq)
    HAL_RCCEx_PeriphCLKConfig                0x08001b1d   Thumb Code  2258  stm32h7xx_hal_rcc_ex.o(i.HAL_RCCEx_PeriphCLKConfig)
    HAL_RCC_ClockConfig                      0x080023f1   Thumb Code   580  stm32h7xx_hal_rcc.o(i.HAL_RCC_ClockConfig)
    HAL_RCC_GetHCLKFreq                      0x0800264d   Thumb Code    52  stm32h7xx_hal_rcc.o(i.HAL_RCC_GetHCLKFreq)
    HAL_RCC_GetPCLK1Freq                     0x08002691   Thumb Code    26  stm32h7xx_hal_rcc.o(i.HAL_RCC_GetPCLK1Freq)
    HAL_RCC_GetPCLK2Freq                     0x080026b5   Thumb Code    26  stm32h7xx_hal_rcc.o(i.HAL_RCC_GetPCLK2Freq)
    HAL_RCC_GetSysClockFreq                  0x080026d9   Thumb Code   278  stm32h7xx_hal_rcc.o(i.HAL_RCC_GetSysClockFreq)
    HAL_RCC_OscConfig                        0x08002811   Thumb Code  1282  stm32h7xx_hal_rcc.o(i.HAL_RCC_OscConfig)
    HAL_SYSCFG_ETHInterfaceSelect            0x08002d19   Thumb Code    14  stm32h7xx_hal.o(i.HAL_SYSCFG_ETHInterfaceSelect)
    HAL_SYSTICK_Config                       0x08002d2d   Thumb Code    38  stm32h7xx_hal_cortex.o(i.HAL_SYSTICK_Config)
    HAL_TIMEx_MasterConfigSynchronization    0x08002d55   Thumb Code   128  stm32h7xx_hal_tim_ex.o(i.HAL_TIMEx_MasterConfigSynchronization)
    HAL_TIM_Base_Init                        0x08002ded   Thumb Code    98  stm32h7xx_hal_tim.o(i.HAL_TIM_Base_Init)
    HAL_TIM_Base_MspInit                     0x08002e51   Thumb Code    52  stm32h7xx_hal_msp.o(i.HAL_TIM_Base_MspInit)
    HAL_TIM_ConfigClockSource                0x08002e91   Thumb Code   242  stm32h7xx_hal_tim.o(i.HAL_TIM_ConfigClockSource)
    HAL_TIM_MspPostInit                      0x08002f89   Thumb Code   110  stm32h7xx_hal_msp.o(i.HAL_TIM_MspPostInit)
    HAL_TIM_PWM_ConfigChannel                0x0800300d   Thumb Code   286  stm32h7xx_hal_tim.o(i.HAL_TIM_PWM_ConfigChannel)
    HAL_TIM_PWM_Init                         0x0800312b   Thumb Code    98  stm32h7xx_hal_tim.o(i.HAL_TIM_PWM_Init)
    HAL_TIM_PWM_MspInit                      0x0800318d   Thumb Code     2  stm32h7xx_hal_tim.o(i.HAL_TIM_PWM_MspInit)
    HAL_TIM_PWM_Start                        0x08003191   Thumb Code   228  stm32h7xx_hal_tim.o(i.HAL_TIM_PWM_Start)
    HAL_UARTEx_DisableFifoMode               0x0800329d   Thumb Code    64  stm32h7xx_hal_uart_ex.o(i.HAL_UARTEx_DisableFifoMode)
    HAL_UARTEx_RxEventCallback               0x080032dd   Thumb Code     2  stm32h7xx_hal_uart.o(i.HAL_UARTEx_RxEventCallback)
    HAL_UARTEx_RxFifoFullCallback            0x080032df   Thumb Code     2  stm32h7xx_hal_uart_ex.o(i.HAL_UARTEx_RxFifoFullCallback)
    HAL_UARTEx_SetRxFifoThreshold            0x080032e1   Thumb Code    76  stm32h7xx_hal_uart_ex.o(i.HAL_UARTEx_SetRxFifoThreshold)
    HAL_UARTEx_SetTxFifoThreshold            0x0800332d   Thumb Code    76  stm32h7xx_hal_uart_ex.o(i.HAL_UARTEx_SetTxFifoThreshold)
    HAL_UARTEx_TxFifoEmptyCallback           0x08003379   Thumb Code     2  stm32h7xx_hal_uart_ex.o(i.HAL_UARTEx_TxFifoEmptyCallback)
    HAL_UARTEx_WakeupCallback                0x0800337b   Thumb Code     2  stm32h7xx_hal_uart_ex.o(i.HAL_UARTEx_WakeupCallback)
    HAL_UART_ErrorCallback                   0x0800337d   Thumb Code     2  stm32h7xx_hal_uart.o(i.HAL_UART_ErrorCallback)
    HAL_UART_IRQHandler                      0x08003381   Thumb Code   746  stm32h7xx_hal_uart.o(i.HAL_UART_IRQHandler)
    HAL_UART_Init                            0x08003685   Thumb Code   106  stm32h7xx_hal_uart.o(i.HAL_UART_Init)
    HAL_UART_MspInit                         0x080036f1   Thumb Code   132  stm32h7xx_hal_msp.o(i.HAL_UART_MspInit)
    HAL_UART_Receive_IT                      0x08003781   Thumb Code    70  stm32h7xx_hal_uart.o(i.HAL_UART_Receive_IT)
    HAL_UART_RxCpltCallback                  0x080037cd   Thumb Code    10  main.o(i.HAL_UART_RxCpltCallback)
    HAL_UART_Transmit_IT                     0x080037e1   Thumb Code   138  stm32h7xx_hal_uart.o(i.HAL_UART_Transmit_IT)
    HAL_UART_TxCpltCallback                  0x0800387d   Thumb Code     2  stm32h7xx_hal_uart.o(i.HAL_UART_TxCpltCallback)
    HardFault_Handler                        0x0800387f   Thumb Code     2  stm32h7xx_it.o(i.HardFault_Handler)
    MemManage_Handler                        0x08003cd5   Thumb Code     2  stm32h7xx_it.o(i.MemManage_Handler)
    NMI_Handler                              0x08003cd7   Thumb Code     2  stm32h7xx_it.o(i.NMI_Handler)
    PendSV_Handler                           0x08003cd9   Thumb Code     2  stm32h7xx_it.o(i.PendSV_Handler)
    SVC_Handler                              0x08003f1d   Thumb Code     2  stm32h7xx_it.o(i.SVC_Handler)
    SysTick_Handler                          0x08003f1f   Thumb Code     4  stm32h7xx_it.o(i.SysTick_Handler)
    SystemClock_Config                       0x08003f25   Thumb Code   160  main.o(i.SystemClock_Config)
    SystemInit                               0x08003fcd   Thumb Code   188  system_stm32h7xx.o(i.SystemInit)
    TIM_Base_SetConfig                       0x080040b1   Thumb Code   162  stm32h7xx_hal_tim.o(i.TIM_Base_SetConfig)
    TIM_CCxChannelCmd                        0x08004175   Thumb Code    26  stm32h7xx_hal_tim.o(i.TIM_CCxChannelCmd)
    TIM_ETR_SetConfig                        0x0800418f   Thumb Code    18  stm32h7xx_hal_tim.o(i.TIM_ETR_SetConfig)
    TIM_OC2_SetConfig                        0x0800425d   Thumb Code   126  stm32h7xx_hal_tim.o(i.TIM_OC2_SetConfig)
    UART_AdvFeatureConfig                    0x08004551   Thumb Code   200  stm32h7xx_hal_uart.o(i.UART_AdvFeatureConfig)
    UART_CheckIdleState                      0x08004619   Thumb Code    96  stm32h7xx_hal_uart.o(i.UART_CheckIdleState)
    UART_SetConfig                           0x08004a55   Thumb Code   876  stm32h7xx_hal_uart.o(i.UART_SetConfig)
    UART_Start_Receive_IT                    0x08004e01   Thumb Code   198  stm32h7xx_hal_uart.o(i.UART_Start_Receive_IT)
    UART_WaitOnFlagUntilTimeout              0x08005009   Thumb Code   164  stm32h7xx_hal_uart.o(i.UART_WaitOnFlagUntilTimeout)
    USART3_IRQHandler                        0x080050ad   Thumb Code     6  stm32h7xx_it.o(i.USART3_IRQHandler)
    USB_CoreInit                             0x080050b9   Thumb Code   128  stm32h7xx_ll_usb.o(i.USB_CoreInit)
    USB_DevDisconnect                        0x08005179   Thumb Code    28  stm32h7xx_ll_usb.o(i.USB_DevDisconnect)
    USB_DevInit                              0x08005195   Thumb Code   368  stm32h7xx_ll_usb.o(i.USB_DevInit)
    USB_DisableGlobalInt                     0x0800530d   Thumb Code    12  stm32h7xx_ll_usb.o(i.USB_DisableGlobalInt)
    USB_FlushRxFifo                          0x08005319   Thumb Code    28  stm32h7xx_ll_usb.o(i.USB_FlushRxFifo)
    USB_FlushTxFifo                          0x08005339   Thumb Code    32  stm32h7xx_ll_usb.o(i.USB_FlushTxFifo)
    USB_SetCurrentMode                       0x0800535d   Thumb Code    46  stm32h7xx_ll_usb.o(i.USB_SetCurrentMode)
    UsageFault_Handler                       0x0800538b   Thumb Code     2  stm32h7xx_it.o(i.UsageFault_Handler)
    charToInt                                0x080053af   Thumb Code    80  main.o(i.charToInt)
    encoder_tx                               0x08005401   Thumb Code   246  main.o(i.encoder_tx)
    intToChar                                0x0800550d   Thumb Code    78  main.o(i.intToChar)
    main                                     0x0800555d   Thumb Code   354  main.o(i.main)
    _fp_init                                 0x080056f5   Thumb Code    10  fpinit.o(x$fpl$fpinit)
    __fplib_config_fpu_vfp                   0x080056fd   Thumb Code     0  fpinit.o(x$fpl$fpinit)
    __fplib_config_pureend_doubles           0x080056fd   Thumb Code     0  fpinit.o(x$fpl$fpinit)
    UARTPrescTable                           0x080056fe   Data          24  stm32h7xx_hal_uart.o(.constdata)
    D1CorePrescTable                         0x08005726   Data          16  system_stm32h7xx.o(.constdata)
    Region$$Table$$Base                      0x08005738   Number         0  anon$$obj.o(Region$$Table)
    Region$$Table$$Limit                     0x08005758   Number         0  anon$$obj.o(Region$$Table)
    direction                                0x24000000   Data           4  main.o(.data)
    duty_cw                                  0x24000004   Data           4  main.o(.data)
    duty_ccw                                 0x24000008   Data           4  main.o(.data)
    counter                                  0x2400000c   Data           4  main.o(.data)
    encoder_counter                          0x24000010   Data           4  main.o(.data)
    old_encoder_counter                      0x24000014   Data           4  main.o(.data)
    duty                                     0x24000018   Data           4  main.o(.data)
    duty_data                                0x24000022   Data           8  main.o(.data)
    uwTickFreq                               0x2400002c   Data           1  stm32h7xx_hal.o(.data)
    uwTickPrio                               0x24000030   Data           4  stm32h7xx_hal.o(.data)
    uwTick                                   0x24000034   Data           4  stm32h7xx_hal.o(.data)
    SystemCoreClock                          0x24000038   Data           4  system_stm32h7xx.o(.data)
    SystemD2Clock                            0x2400003c   Data           4  system_stm32h7xx.o(.data)
    TxConfig                                 0x24000040   Data          52  main.o(.bss)
    heth                                     0x24000074   Data         136  main.o(.bss)
    htim3                                    0x240000fc   Data          76  main.o(.bss)
    htim4                                    0x24000148   Data          76  main.o(.bss)
    huart3                                   0x24000194   Data         144  main.o(.bss)
    hpcd_USB_OTG_FS                          0x24000224   Data        1032  main.o(.bss)
    encoder_data                             0x2400062c   Data          10  main.o(.bss)
    __libspace_start                         0x24000638   Data          96  libspace.o(.bss)
    __temporary_stack_top$libspace           0x24000698   Data           0  libspace.o(.bss)
    DMARxDscrTab                             0x30040000   Data          96  main.o(.ARM.__AT_0x30040000)
    DMATxDscrTab                             0x30040060   Data          96  main.o(.ARM.__AT_0x30040060)
    Rx_Buff                                  0x30040200   Data        6112  main.o(.ARM.__AT_0x30040200)



==============================================================================

Memory Map of the image

  Image Entry point : 0x08000299

  Load Region LR_IROM1 (Base: 0x08000000, Size: 0x00005798, Max: 0x00200000, ABSOLUTE)

    Execution Region ER_IROM1 (Exec base: 0x08000000, Load base: 0x08000000, Size: 0x00005758, Max: 0x00200000, ABSOLUTE)

    Exec Addr    Load Addr    Size         Type   Attr      Idx    E Section Name        Object

    0x08000000   0x08000000   0x00000298   Data   RO            3    RESET               startup_stm32h743xx.o
    0x08000298   0x08000298   0x00000008   Code   RO         5428  * !!!main             c_w.l(__main.o)
    0x080002a0   0x080002a0   0x00000034   Code   RO         5597    !!!scatter          c_w.l(__scatter.o)
    0x080002d4   0x080002d4   0x0000001a   Code   RO         5599    !!handler_copy      c_w.l(__scatter_copy.o)
    0x080002ee   0x080002ee   0x00000002   PAD
    0x080002f0   0x080002f0   0x0000001c   Code   RO         5601    !!handler_zi        c_w.l(__scatter_zi.o)
    0x0800030c   0x0800030c   0x00000002   Code   RO         5465    .ARM.Collect$$libinit$$00000000  c_w.l(libinit.o)
    0x0800030e   0x0800030e   0x00000004   Code   RO         5477    .ARM.Collect$$libinit$$00000001  c_w.l(libinit2.o)
    0x08000312   0x08000312   0x00000000   Code   RO         5480    .ARM.Collect$$libinit$$00000004  c_w.l(libinit2.o)
    0x08000312   0x08000312   0x00000000   Code   RO         5483    .ARM.Collect$$libinit$$0000000A  c_w.l(libinit2.o)
    0x08000312   0x08000312   0x00000000   Code   RO         5485    .ARM.Collect$$libinit$$0000000C  c_w.l(libinit2.o)
    0x08000312   0x08000312   0x00000000   Code   RO         5487    .ARM.Collect$$libinit$$0000000E  c_w.l(libinit2.o)
    0x08000312   0x08000312   0x00000000   Code   RO         5490    .ARM.Collect$$libinit$$00000011  c_w.l(libinit2.o)
    0x08000312   0x08000312   0x00000000   Code   RO         5492    .ARM.Collect$$libinit$$00000013  c_w.l(libinit2.o)
    0x08000312   0x08000312   0x00000000   Code   RO         5494    .ARM.Collect$$libinit$$00000015  c_w.l(libinit2.o)
    0x08000312   0x08000312   0x00000000   Code   RO         5496    .ARM.Collect$$libinit$$00000017  c_w.l(libinit2.o)
    0x08000312   0x08000312   0x00000000   Code   RO         5498    .ARM.Collect$$libinit$$00000019  c_w.l(libinit2.o)
    0x08000312   0x08000312   0x00000000   Code   RO         5500    .ARM.Collect$$libinit$$0000001B  c_w.l(libinit2.o)
    0x08000312   0x08000312   0x00000000   Code   RO         5502    .ARM.Collect$$libinit$$0000001D  c_w.l(libinit2.o)
    0x08000312   0x08000312   0x00000000   Code   RO         5504    .ARM.Collect$$libinit$$0000001F  c_w.l(libinit2.o)
    0x08000312   0x08000312   0x00000000   Code   RO         5506    .ARM.Collect$$libinit$$00000021  c_w.l(libinit2.o)
    0x08000312   0x08000312   0x00000000   Code   RO         5508    .ARM.Collect$$libinit$$00000023  c_w.l(libinit2.o)
    0x08000312   0x08000312   0x00000000   Code   RO         5510    .ARM.Collect$$libinit$$00000025  c_w.l(libinit2.o)
    0x08000312   0x08000312   0x00000000   Code   RO         5514    .ARM.Collect$$libinit$$0000002C  c_w.l(libinit2.o)
    0x08000312   0x08000312   0x00000000   Code   RO         5516    .ARM.Collect$$libinit$$0000002E  c_w.l(libinit2.o)
    0x08000312   0x08000312   0x00000000   Code   RO         5518    .ARM.Collect$$libinit$$00000030  c_w.l(libinit2.o)
    0x08000312   0x08000312   0x00000000   Code   RO         5520    .ARM.Collect$$libinit$$00000032  c_w.l(libinit2.o)
    0x08000312   0x08000312   0x00000002   Code   RO         5521    .ARM.Collect$$libinit$$00000033  c_w.l(libinit2.o)
    0x08000314   0x08000314   0x00000002   Code   RO         5552    .ARM.Collect$$libshutdown$$00000000  c_w.l(libshutdown.o)
    0x08000316   0x08000316   0x00000000   Code   RO         5578    .ARM.Collect$$libshutdown$$00000002  c_w.l(libshutdown2.o)
    0x08000316   0x08000316   0x00000000   Code   RO         5580    .ARM.Collect$$libshutdown$$00000004  c_w.l(libshutdown2.o)
    0x08000316   0x08000316   0x00000000   Code   RO         5582    .ARM.Collect$$libshutdown$$00000006  c_w.l(libshutdown2.o)
    0x08000316   0x08000316   0x00000000   Code   RO         5585    .ARM.Collect$$libshutdown$$00000009  c_w.l(libshutdown2.o)
    0x08000316   0x08000316   0x00000000   Code   RO         5588    .ARM.Collect$$libshutdown$$0000000C  c_w.l(libshutdown2.o)
    0x08000316   0x08000316   0x00000000   Code   RO         5590    .ARM.Collect$$libshutdown$$0000000E  c_w.l(libshutdown2.o)
    0x08000316   0x08000316   0x00000000   Code   RO         5593    .ARM.Collect$$libshutdown$$00000011  c_w.l(libshutdown2.o)
    0x08000316   0x08000316   0x00000002   Code   RO         5594    .ARM.Collect$$libshutdown$$00000012  c_w.l(libshutdown2.o)
    0x08000318   0x08000318   0x00000000   Code   RO         5430    .ARM.Collect$$rtentry$$00000000  c_w.l(__rtentry.o)
    0x08000318   0x08000318   0x00000000   Code   RO         5436    .ARM.Collect$$rtentry$$00000002  c_w.l(__rtentry2.o)
    0x08000318   0x08000318   0x00000006   Code   RO         5448    .ARM.Collect$$rtentry$$00000004  c_w.l(__rtentry4.o)
    0x0800031e   0x0800031e   0x00000000   Code   RO         5438    .ARM.Collect$$rtentry$$00000009  c_w.l(__rtentry2.o)
    0x0800031e   0x0800031e   0x00000004   Code   RO         5439    .ARM.Collect$$rtentry$$0000000A  c_w.l(__rtentry2.o)
    0x08000322   0x08000322   0x00000000   Code   RO         5441    .ARM.Collect$$rtentry$$0000000C  c_w.l(__rtentry2.o)
    0x08000322   0x08000322   0x00000008   Code   RO         5442    .ARM.Collect$$rtentry$$0000000D  c_w.l(__rtentry2.o)
    0x0800032a   0x0800032a   0x00000002   Code   RO         5469    .ARM.Collect$$rtexit$$00000000  c_w.l(rtexit.o)
    0x0800032c   0x0800032c   0x00000000   Code   RO         5525    .ARM.Collect$$rtexit$$00000002  c_w.l(rtexit2.o)
    0x0800032c   0x0800032c   0x00000004   Code   RO         5526    .ARM.Collect$$rtexit$$00000003  c_w.l(rtexit2.o)
    0x08000330   0x08000330   0x00000006   Code   RO         5527    .ARM.Collect$$rtexit$$00000004  c_w.l(rtexit2.o)
    0x08000336   0x08000336   0x00000002   PAD
    0x08000338   0x08000338   0x00000040   Code   RO            4    .text               startup_stm32h743xx.o
    0x08000378   0x08000378   0x000000ee   Code   RO         5420    .text               c_w.l(lludivv7m.o)
    0x08000466   0x08000466   0x00000064   Code   RO         5422    .text               c_w.l(rt_memcpy_w.o)
    0x080004ca   0x080004ca   0x0000004e   Code   RO         5424    .text               c_w.l(rt_memclr_w.o)
    0x08000518   0x08000518   0x00000006   Code   RO         5426    .text               c_w.l(heapauxi.o)
    0x0800051e   0x0800051e   0x0000004a   Code   RO         5452    .text               c_w.l(sys_stackheap_outer.o)
    0x08000568   0x08000568   0x00000012   Code   RO         5454    .text               c_w.l(exit.o)
    0x0800057a   0x0800057a   0x00000002   PAD
    0x0800057c   0x0800057c   0x00000008   Code   RO         5466    .text               c_w.l(libspace.o)
    0x08000584   0x08000584   0x0000000c   Code   RO         5522    .text               c_w.l(sys_exit.o)
    0x08000590   0x08000590   0x00000002   Code   RO         5541    .text               c_w.l(use_no_semi.o)
    0x08000592   0x08000592   0x00000000   Code   RO         5543    .text               c_w.l(indicate_semi.o)
    0x08000592   0x08000592   0x00000002   Code   RO          253    i.BusFault_Handler  stm32h7xx_it.o
    0x08000594   0x08000594   0x00000002   Code   RO          254    i.DebugMon_Handler  stm32h7xx_it.o
    0x08000596   0x08000596   0x000000d8   Code   RO         2815    i.ETH_MACDMAConfig  stm32h7xx_hal_eth.o
    0x0800066e   0x0800066e   0x00000002   PAD
    0x08000670   0x08000670   0x000000b4   Code   RO         2817    i.ETH_SetDMAConfig  stm32h7xx_hal_eth.o
    0x08000724   0x08000724   0x000001a8   Code   RO         2818    i.ETH_SetMACConfig  stm32h7xx_hal_eth.o
    0x080008cc   0x080008cc   0x00000008   Code   RO          255    i.EXTI15_10_IRQHandler  stm32h7xx_it.o
    0x080008d4   0x080008d4   0x00000014   Code   RO          256    i.EXTI9_5_IRQHandler  stm32h7xx_it.o
    0x080008e8   0x080008e8   0x00000004   Code   RO           13    i.Error_Handler     main.o
    0x080008ec   0x080008ec   0x00000364   Code   RO         1213    i.HAL_DMA_Abort     stm32h7xx_hal_dma.o
    0x08000c50   0x08000c50   0x00000284   Code   RO         1214    i.HAL_DMA_Abort_IT  stm32h7xx_hal_dma.o
    0x08000ed4   0x08000ed4   0x00000024   Code   RO         1922    i.HAL_Delay         stm32h7xx_hal.o
    0x08000ef8   0x08000ef8   0x0000020c   Code   RO         2838    i.HAL_ETH_Init      stm32h7xx_hal_eth.o
    0x08001104   0x08001104   0x00000100   Code   RO          348    i.HAL_ETH_MspInit   stm32h7xx_hal_msp.o
    0x08001204   0x08001204   0x00000090   Code   RO           14    i.HAL_GPIO_EXTI_Callback  main.o
    0x08001294   0x08001294   0x00000018   Code   RO         1060    i.HAL_GPIO_EXTI_IRQHandler  stm32h7xx_hal_gpio.o
    0x080012ac   0x080012ac   0x00000230   Code   RO         1061    i.HAL_GPIO_Init     stm32h7xx_hal_gpio.o
    0x080014dc   0x080014dc   0x0000000a   Code   RO         1063    i.HAL_GPIO_ReadPin  stm32h7xx_hal_gpio.o
    0x080014e6   0x080014e6   0x0000000a   Code   RO         1065    i.HAL_GPIO_WritePin  stm32h7xx_hal_gpio.o
    0x080014f0   0x080014f0   0x0000000c   Code   RO         1933    i.HAL_GetREVID      stm32h7xx_hal.o
    0x080014fc   0x080014fc   0x0000000c   Code   RO         1934    i.HAL_GetTick       stm32h7xx_hal.o
    0x08001508   0x08001508   0x00000010   Code   RO         1940    i.HAL_IncTick       stm32h7xx_hal.o
    0x08001518   0x08001518   0x0000005c   Code   RO         1941    i.HAL_Init          stm32h7xx_hal.o
    0x08001574   0x08001574   0x00000040   Code   RO         1942    i.HAL_InitTick      stm32h7xx_hal.o
    0x080015b4   0x080015b4   0x0000001c   Code   RO          349    i.HAL_MspInit       stm32h7xx_hal_msp.o
    0x080015d0   0x080015d0   0x0000001a   Code   RO          431    i.HAL_NVIC_EnableIRQ  stm32h7xx_hal_cortex.o
    0x080015ea   0x080015ea   0x00000002   PAD
    0x080015ec   0x080015ec   0x00000040   Code   RO          437    i.HAL_NVIC_SetPriority  stm32h7xx_hal_cortex.o
    0x0800162c   0x0800162c   0x00000024   Code   RO          438    i.HAL_NVIC_SetPriorityGrouping  stm32h7xx_hal_cortex.o
    0x08001650   0x08001650   0x00000028   Code   RO         5015    i.HAL_PCDEx_ActivateLPM  stm32h7xx_hal_pcd_ex.o
    0x08001678   0x08001678   0x000000f2   Code   RO         4815    i.HAL_PCD_Init      stm32h7xx_hal_pcd.o
    0x0800176a   0x0800176a   0x00000002   PAD
    0x0800176c   0x0800176c   0x000000a0   Code   RO          351    i.HAL_PCD_MspInit   stm32h7xx_hal_msp.o
    0x0800180c   0x0800180c   0x00000054   Code   RO         1662    i.HAL_PWREx_ConfigSupply  stm32h7xx_hal_pwr_ex.o
    0x08001860   0x08001860   0x00000010   Code   RO         1679    i.HAL_PWREx_EnableUSBVoltageDetector  stm32h7xx_hal_pwr_ex.o
    0x08001870   0x08001870   0x00000024   Code   RO          682    i.HAL_RCCEx_GetD3PCLK1Freq  stm32h7xx_hal_rcc_ex.o
    0x08001894   0x08001894   0x00000144   Code   RO          684    i.HAL_RCCEx_GetPLL2ClockFreq  stm32h7xx_hal_rcc_ex.o
    0x080019d8   0x080019d8   0x00000144   Code   RO          685    i.HAL_RCCEx_GetPLL3ClockFreq  stm32h7xx_hal_rcc_ex.o
    0x08001b1c   0x08001b1c   0x000008d2   Code   RO          691    i.HAL_RCCEx_PeriphCLKConfig  stm32h7xx_hal_rcc_ex.o
    0x080023ee   0x080023ee   0x00000002   PAD
    0x080023f0   0x080023f0   0x0000025c   Code   RO          567    i.HAL_RCC_ClockConfig  stm32h7xx_hal_rcc.o
    0x0800264c   0x0800264c   0x00000044   Code   RO          572    i.HAL_RCC_GetHCLKFreq  stm32h7xx_hal_rcc.o
    0x08002690   0x08002690   0x00000024   Code   RO          574    i.HAL_RCC_GetPCLK1Freq  stm32h7xx_hal_rcc.o
    0x080026b4   0x080026b4   0x00000024   Code   RO          575    i.HAL_RCC_GetPCLK2Freq  stm32h7xx_hal_rcc.o
    0x080026d8   0x080026d8   0x00000138   Code   RO          576    i.HAL_RCC_GetSysClockFreq  stm32h7xx_hal_rcc.o
    0x08002810   0x08002810   0x00000508   Code   RO          579    i.HAL_RCC_OscConfig  stm32h7xx_hal_rcc.o
    0x08002d18   0x08002d18   0x00000014   Code   RO         1953    i.HAL_SYSCFG_ETHInterfaceSelect  stm32h7xx_hal.o
    0x08002d2c   0x08002d2c   0x00000026   Code   RO          442    i.HAL_SYSTICK_Config  stm32h7xx_hal_cortex.o
    0x08002d52   0x08002d52   0x00000002   PAD
    0x08002d54   0x08002d54   0x00000098   Code   RO         3993    i.HAL_TIMEx_MasterConfigSynchronization  stm32h7xx_hal_tim_ex.o
    0x08002dec   0x08002dec   0x00000062   Code   RO         3257    i.HAL_TIM_Base_Init  stm32h7xx_hal_tim.o
    0x08002e4e   0x08002e4e   0x00000002   PAD
    0x08002e50   0x08002e50   0x00000040   Code   RO          353    i.HAL_TIM_Base_MspInit  stm32h7xx_hal_msp.o
    0x08002e90   0x08002e90   0x000000f8   Code   RO         3266    i.HAL_TIM_ConfigClockSource  stm32h7xx_hal_tim.o
    0x08002f88   0x08002f88   0x00000084   Code   RO          354    i.HAL_TIM_MspPostInit  stm32h7xx_hal_msp.o
    0x0800300c   0x0800300c   0x0000011e   Code   RO         3329    i.HAL_TIM_PWM_ConfigChannel  stm32h7xx_hal_tim.o
    0x0800312a   0x0800312a   0x00000062   Code   RO         3332    i.HAL_TIM_PWM_Init  stm32h7xx_hal_tim.o
    0x0800318c   0x0800318c   0x00000002   Code   RO         3334    i.HAL_TIM_PWM_MspInit  stm32h7xx_hal_tim.o
    0x0800318e   0x0800318e   0x00000002   PAD
    0x08003190   0x08003190   0x0000010c   Code   RO         3337    i.HAL_TIM_PWM_Start  stm32h7xx_hal_tim.o
    0x0800329c   0x0800329c   0x00000040   Code   RO         4682    i.HAL_UARTEx_DisableFifoMode  stm32h7xx_hal_uart_ex.o
    0x080032dc   0x080032dc   0x00000002   Code   RO         4271    i.HAL_UARTEx_RxEventCallback  stm32h7xx_hal_uart.o
    0x080032de   0x080032de   0x00000002   Code   RO         4689    i.HAL_UARTEx_RxFifoFullCallback  stm32h7xx_hal_uart_ex.o
    0x080032e0   0x080032e0   0x0000004c   Code   RO         4690    i.HAL_UARTEx_SetRxFifoThreshold  stm32h7xx_hal_uart_ex.o
    0x0800332c   0x0800332c   0x0000004c   Code   RO         4691    i.HAL_UARTEx_SetTxFifoThreshold  stm32h7xx_hal_uart_ex.o
    0x08003378   0x08003378   0x00000002   Code   RO         4693    i.HAL_UARTEx_TxFifoEmptyCallback  stm32h7xx_hal_uart_ex.o
    0x0800337a   0x0800337a   0x00000002   Code   RO         4694    i.HAL_UARTEx_WakeupCallback  stm32h7xx_hal_uart_ex.o
    0x0800337c   0x0800337c   0x00000002   Code   RO         4287    i.HAL_UART_ErrorCallback  stm32h7xx_hal_uart.o
    0x0800337e   0x0800337e   0x00000002   PAD
    0x08003380   0x08003380   0x00000304   Code   RO         4290    i.HAL_UART_IRQHandler  stm32h7xx_hal_uart.o
    0x08003684   0x08003684   0x0000006a   Code   RO         4291    i.HAL_UART_Init     stm32h7xx_hal_uart.o
    0x080036ee   0x080036ee   0x00000002   PAD
    0x080036f0   0x080036f0   0x00000090   Code   RO          356    i.HAL_UART_MspInit  stm32h7xx_hal_msp.o
    0x08003780   0x08003780   0x0000004c   Code   RO         4296    i.HAL_UART_Receive_IT  stm32h7xx_hal_uart.o
    0x080037cc   0x080037cc   0x00000014   Code   RO           15    i.HAL_UART_RxCpltCallback  main.o
    0x080037e0   0x080037e0   0x0000009c   Code   RO         4302    i.HAL_UART_Transmit_IT  stm32h7xx_hal_uart.o
    0x0800387c   0x0800387c   0x00000002   Code   RO         4303    i.HAL_UART_TxCpltCallback  stm32h7xx_hal_uart.o
    0x0800387e   0x0800387e   0x00000002   Code   RO          257    i.HardFault_Handler  stm32h7xx_it.o
    0x08003880   0x08003880   0x0000006c   Code   RO           16    i.MX_ETH_Init       main.o
    0x080038ec   0x080038ec   0x00000218   Code   RO           17    i.MX_GPIO_Init      main.o
    0x08003b04   0x08003b04   0x00000098   Code   RO           18    i.MX_TIM3_Init      main.o
    0x08003b9c   0x08003b9c   0x00000098   Code   RO           19    i.MX_TIM4_Init      main.o
    0x08003c34   0x08003c34   0x00000064   Code   RO           20    i.MX_USART3_UART_Init  main.o
    0x08003c98   0x08003c98   0x0000003c   Code   RO           21    i.MX_USB_OTG_FS_PCD_Init  main.o
    0x08003cd4   0x08003cd4   0x00000002   Code   RO          258    i.MemManage_Handler  stm32h7xx_it.o
    0x08003cd6   0x08003cd6   0x00000002   Code   RO          259    i.NMI_Handler       stm32h7xx_it.o
    0x08003cd8   0x08003cd8   0x00000002   Code   RO          260    i.PendSV_Handler    stm32h7xx_it.o
    0x08003cda   0x08003cda   0x00000002   PAD
    0x08003cdc   0x08003cdc   0x00000120   Code   RO          694    i.RCCEx_PLL2_Config  stm32h7xx_hal_rcc_ex.o
    0x08003dfc   0x08003dfc   0x00000120   Code   RO          695    i.RCCEx_PLL3_Config  stm32h7xx_hal_rcc_ex.o
    0x08003f1c   0x08003f1c   0x00000002   Code   RO          261    i.SVC_Handler       stm32h7xx_it.o
    0x08003f1e   0x08003f1e   0x00000004   Code   RO          262    i.SysTick_Handler   stm32h7xx_it.o
    0x08003f22   0x08003f22   0x00000002   PAD
    0x08003f24   0x08003f24   0x000000a8   Code   RO           22    i.SystemClock_Config  main.o
    0x08003fcc   0x08003fcc   0x000000e4   Code   RO         5385    i.SystemInit        system_stm32h7xx.o
    0x080040b0   0x080040b0   0x000000c4   Code   RO         3350    i.TIM_Base_SetConfig  stm32h7xx_hal_tim.o
    0x08004174   0x08004174   0x0000001a   Code   RO         3351    i.TIM_CCxChannelCmd  stm32h7xx_hal_tim.o
    0x0800418e   0x0800418e   0x00000012   Code   RO         3361    i.TIM_ETR_SetConfig  stm32h7xx_hal_tim.o
    0x080041a0   0x080041a0   0x00000014   Code   RO         3362    i.TIM_ITRx_SetConfig  stm32h7xx_hal_tim.o
    0x080041b4   0x080041b4   0x000000a8   Code   RO         3363    i.TIM_OC1_SetConfig  stm32h7xx_hal_tim.o
    0x0800425c   0x0800425c   0x00000098   Code   RO         3364    i.TIM_OC2_SetConfig  stm32h7xx_hal_tim.o
    0x080042f4   0x080042f4   0x0000008c   Code   RO         3365    i.TIM_OC3_SetConfig  stm32h7xx_hal_tim.o
    0x08004380   0x08004380   0x0000006c   Code   RO         3366    i.TIM_OC4_SetConfig  stm32h7xx_hal_tim.o
    0x080043ec   0x080043ec   0x0000006c   Code   RO         3367    i.TIM_OC5_SetConfig  stm32h7xx_hal_tim.o
    0x08004458   0x08004458   0x0000006c   Code   RO         3368    i.TIM_OC6_SetConfig  stm32h7xx_hal_tim.o
    0x080044c4   0x080044c4   0x00000022   Code   RO         3370    i.TIM_TI1_ConfigInputStage  stm32h7xx_hal_tim.o
    0x080044e6   0x080044e6   0x00000024   Code   RO         3372    i.TIM_TI2_ConfigInputStage  stm32h7xx_hal_tim.o
    0x0800450a   0x0800450a   0x00000002   PAD
    0x0800450c   0x0800450c   0x00000044   Code   RO         4695    i.UARTEx_SetNbDataToProcess  stm32h7xx_hal_uart_ex.o
    0x08004550   0x08004550   0x000000c8   Code   RO         4305    i.UART_AdvFeatureConfig  stm32h7xx_hal_uart.o
    0x08004618   0x08004618   0x00000060   Code   RO         4306    i.UART_CheckIdleState  stm32h7xx_hal_uart.o
    0x08004678   0x08004678   0x00000014   Code   RO         4307    i.UART_DMAAbortOnError  stm32h7xx_hal_uart.o
    0x0800468c   0x0800468c   0x00000038   Code   RO         4317    i.UART_EndRxTransfer  stm32h7xx_hal_uart.o
    0x080046c4   0x080046c4   0x00000080   Code   RO         4319    i.UART_RxISR_16BIT  stm32h7xx_hal_uart.o
    0x08004744   0x08004744   0x00000148   Code   RO         4320    i.UART_RxISR_16BIT_FIFOEN  stm32h7xx_hal_uart.o
    0x0800488c   0x0800488c   0x00000080   Code   RO         4321    i.UART_RxISR_8BIT   stm32h7xx_hal_uart.o
    0x0800490c   0x0800490c   0x00000148   Code   RO         4322    i.UART_RxISR_8BIT_FIFOEN  stm32h7xx_hal_uart.o
    0x08004a54   0x08004a54   0x000003ac   Code   RO         4323    i.UART_SetConfig    stm32h7xx_hal_uart.o
    0x08004e00   0x08004e00   0x000000d8   Code   RO         4325    i.UART_Start_Receive_IT  stm32h7xx_hal_uart.o
    0x08004ed8   0x08004ed8   0x00000042   Code   RO         4326    i.UART_TxISR_16BIT  stm32h7xx_hal_uart.o
    0x08004f1a   0x08004f1a   0x00000002   PAD
    0x08004f1c   0x08004f1c   0x00000058   Code   RO         4327    i.UART_TxISR_16BIT_FIFOEN  stm32h7xx_hal_uart.o
    0x08004f74   0x08004f74   0x0000003e   Code   RO         4328    i.UART_TxISR_8BIT   stm32h7xx_hal_uart.o
    0x08004fb2   0x08004fb2   0x00000002   PAD
    0x08004fb4   0x08004fb4   0x00000054   Code   RO         4329    i.UART_TxISR_8BIT_FIFOEN  stm32h7xx_hal_uart.o
    0x08005008   0x08005008   0x000000a4   Code   RO         4330    i.UART_WaitOnFlagUntilTimeout  stm32h7xx_hal_uart.o
    0x080050ac   0x080050ac   0x0000000c   Code   RO          263    i.USART3_IRQHandler  stm32h7xx_it.o
    0x080050b8   0x080050b8   0x00000088   Code   RO         5091    i.USB_CoreInit      stm32h7xx_ll_usb.o
    0x08005140   0x08005140   0x00000038   Code   RO         5092    i.USB_CoreReset     stm32h7xx_ll_usb.o
    0x08005178   0x08005178   0x0000001c   Code   RO         5097    i.USB_DevDisconnect  stm32h7xx_ll_usb.o
    0x08005194   0x08005194   0x00000178   Code   RO         5098    i.USB_DevInit       stm32h7xx_ll_usb.o
    0x0800530c   0x0800530c   0x0000000c   Code   RO         5099    i.USB_DisableGlobalInt  stm32h7xx_ll_usb.o
    0x08005318   0x08005318   0x00000020   Code   RO         5108    i.USB_FlushRxFifo   stm32h7xx_ll_usb.o
    0x08005338   0x08005338   0x00000024   Code   RO         5109    i.USB_FlushTxFifo   stm32h7xx_ll_usb.o
    0x0800535c   0x0800535c   0x0000002e   Code   RO         5127    i.USB_SetCurrentMode  stm32h7xx_ll_usb.o
    0x0800538a   0x0800538a   0x00000002   Code   RO          264    i.UsageFault_Handler  stm32h7xx_it.o
    0x0800538c   0x0800538c   0x00000022   Code   RO          444    i.__NVIC_SetPriority  stm32h7xx_hal_cortex.o
    0x080053ae   0x080053ae   0x00000050   Code   RO           23    i.charToInt         main.o
    0x080053fe   0x080053fe   0x00000002   PAD
    0x08005400   0x08005400   0x0000010c   Code   RO           24    i.encoder_tx        main.o
    0x0800550c   0x0800550c   0x0000004e   Code   RO           25    i.intToChar         main.o
    0x0800555a   0x0800555a   0x00000002   PAD
    0x0800555c   0x0800555c   0x00000198   Code   RO           26    i.main              main.o
    0x080056f4   0x080056f4   0x0000000a   Code   RO         5537    x$fpl$fpinit        fz_wv.l(fpinit.o)
    0x080056fe   0x080056fe   0x00000018   Data   RO         4331    .constdata          stm32h7xx_hal_uart.o
    0x08005716   0x08005716   0x00000010   Data   RO         4696    .constdata          stm32h7xx_hal_uart_ex.o
    0x08005726   0x08005726   0x00000010   Data   RO         5386    .constdata          system_stm32h7xx.o
    0x08005736   0x08005736   0x00000002   PAD
    0x08005738   0x08005738   0x00000020   Data   RO         5595    Region$$Table       anon$$obj.o


    Execution Region RW_IRAM1 (Exec base: 0x20000000, Load base: 0x08005758, Size: 0x00000000, Max: 0x00020000, ABSOLUTE)

    **** No section assigned to this execution region ****


    Execution Region RW_IRAM2 (Exec base: 0x24000000, Load base: 0x08005758, Size: 0x00000c98, Max: 0x00080000, ABSOLUTE)

    Exec Addr    Load Addr    Size         Type   Attr      Idx    E Section Name        Object

    0x24000000   0x08005758   0x0000002a   Data   RW           31    .data               main.o
    0x2400002a   0x08005782   0x00000002   PAD
    0x2400002c   0x08005784   0x0000000c   Data   RW         1963    .data               stm32h7xx_hal.o
    0x24000038   0x08005790   0x00000008   Data   RW         5387    .data               system_stm32h7xx.o
    0x24000040        -       0x000005f6   Zero   RW           30    .bss                main.o
    0x24000636   0x08005798   0x00000002   PAD
    0x24000638        -       0x00000060   Zero   RW         5467    .bss                c_w.l(libspace.o)
    0x24000698        -       0x00000200   Zero   RW            2    HEAP                startup_stm32h743xx.o
    0x24000898        -       0x00000400   Zero   RW            1    STACK               startup_stm32h743xx.o



  Load Region LR$$.ARM.__AT_0x30040000 (Base: 0x30040000, Size: 0x00000000, Max: 0x00000060, ABSOLUTE)

    Execution Region ER$$.ARM.__AT_0x30040000 (Exec base: 0x30040000, Load base: 0x30040000, Size: 0x00000060, Max: 0x00000060, ABSOLUTE, UNINIT)

    Exec Addr    Load Addr    Size         Type   Attr      Idx    E Section Name        Object

    0x30040000        -       0x00000060   Zero   RW           27    .ARM.__AT_0x30040000  main.o



  Load Region LR$$.ARM.__AT_0x30040060 (Base: 0x30040060, Size: 0x00000000, Max: 0x00000060, ABSOLUTE)

    Execution Region ER$$.ARM.__AT_0x30040060 (Exec base: 0x30040060, Load base: 0x30040060, Size: 0x00000060, Max: 0x00000060, ABSOLUTE, UNINIT)

    Exec Addr    Load Addr    Size         Type   Attr      Idx    E Section Name        Object

    0x30040060        -       0x00000060   Zero   RW           28    .ARM.__AT_0x30040060  main.o



  Load Region LR$$.ARM.__AT_0x30040200 (Base: 0x30040200, Size: 0x00000000, Max: 0x000017e0, ABSOLUTE)

    Execution Region ER$$.ARM.__AT_0x30040200 (Exec base: 0x30040200, Load base: 0x30040200, Size: 0x000017e0, Max: 0x000017e0, ABSOLUTE, UNINIT)

    Exec Addr    Load Addr    Size         Type   Attr      Idx    E Section Name        Object

    0x30040200        -       0x000017e0   Zero   RW           29    .ARM.__AT_0x30040200  main.o


==============================================================================

Image component sizes


      Code (inc. data)   RO Data    RW Data    ZI Data      Debug   Object Name

      2278        200          0         42       7830    1311805   main.o
        64         26        664          0       1536        844   startup_stm32h743xx.o
       252         50          0         12          0      24040   stm32h7xx_hal.o
       198         12          0          0          0      39611   stm32h7xx_hal_cortex.o
      1512         70          0          0          0       3903   stm32h7xx_hal_dma.o
      1344         60          0          0          0       5867   stm32h7xx_hal_eth.o
       604         50          0          0          0       4002   stm32h7xx_hal_gpio.o
       784         90          0          0          0       4826   stm32h7xx_hal_msp.o
       242          0          0          0          0       1895   stm32h7xx_hal_pcd.o
        40          6          0          0          0       1250   stm32h7xx_hal_pcd_ex.o
       100         10          0          0          0       1358   stm32h7xx_hal_pwr_ex.o
      2344        108          0          0          0       7124   stm32h7xx_hal_rcc.o
      3518        112          0          0          0       7901   stm32h7xx_hal_rcc_ex.o
      2114        226          0          0          0      14676   stm32h7xx_hal_tim.o
       152         24          0          0          0       1540   stm32h7xx_hal_tim_ex.o
      4020        200         24          0          0      38453   stm32h7xx_hal_uart.o
       290          6         16          0          0       5514   stm32h7xx_hal_uart_ex.o
        60          6          0          0          0       5626   stm32h7xx_it.o
       722         30          0          0          0       7277   stm32h7xx_ll_usb.o
       228         40         16          8          0       1542   system_stm32h7xx.o

    ----------------------------------------------------------------------
     20898       1326        754         64       9368    1489054   Object Totals
         0          0         32          0          0          0   (incl. Generated)
        32          0          2          2          2          0   (incl. Padding)

    ----------------------------------------------------------------------

      Code (inc. data)   RO Data    RW Data    ZI Data      Debug   Library Member Name

         8          0          0          0          0         68   __main.o
         0          0          0          0          0          0   __rtentry.o
        12          0          0          0          0          0   __rtentry2.o
         6          0          0          0          0          0   __rtentry4.o
        52          8          0          0          0          0   __scatter.o
        26          0          0          0          0          0   __scatter_copy.o
        28          0          0          0          0          0   __scatter_zi.o
        18          0          0          0          0         80   exit.o
         6          0          0          0          0        152   heapauxi.o
         0          0          0          0          0          0   indicate_semi.o
         2          0          0          0          0          0   libinit.o
         6          0          0          0          0          0   libinit2.o
         2          0          0          0          0          0   libshutdown.o
         2          0          0          0          0          0   libshutdown2.o
         8          4          0          0         96         68   libspace.o
       238          0          0          0          0        100   lludivv7m.o
        78          0          0          0          0         80   rt_memclr_w.o
       100          0          0          0          0         80   rt_memcpy_w.o
         2          0          0          0          0          0   rtexit.o
        10          0          0          0          0          0   rtexit2.o
        12          4          0          0          0         68   sys_exit.o
        74          0          0          0          0         80   sys_stackheap_outer.o
         2          0          0          0          0         68   use_no_semi.o
        10          0          0          0          0        116   fpinit.o

    ----------------------------------------------------------------------
       708         16          0          0         96        960   Library Totals
         6          0          0          0          0          0   (incl. Padding)

    ----------------------------------------------------------------------

      Code (inc. data)   RO Data    RW Data    ZI Data      Debug   Library Name

       692         16          0          0         96        844   c_w.l
        10          0          0          0          0        116   fz_wv.l

    ----------------------------------------------------------------------
       708         16          0          0         96        960   Library Totals

    ----------------------------------------------------------------------

==============================================================================


      Code (inc. data)   RO Data    RW Data    ZI Data      Debug   

     21606       1342        754         64       9464    1478002   Grand Totals
     21606       1342        754         64       9464    1478002   ELF Image Totals
     21606       1342        754         64          0          0   ROM Totals

==============================================================================

    Total RO  Size (Code + RO Data)                22360 (  21.84kB)
    Total RW  Size (RW Data + ZI Data)              9528 (   9.30kB)
    Total ROM Size (Code + RO Data + RW Data)      22424 (  21.90kB)

==============================================================================

